Component: ARM Compiler 5.06 update 6 (build 750) Tool: armlink [4d35ed]

==============================================================================

Section Cross References

    debounce.o(i.read_button) refers to stm32f0xx_hal_gpio.o(i.HAL_GPIO_ReadPin) for HAL_GPIO_ReadPin
    debounce.o(i.update_button) refers to debounce.o(i.read_button) for read_button
    display.o(i.choose_anode) refers to stm32f0xx_hal_gpio.o(i.HAL_GPIO_WritePin) for HAL_GPIO_WritePin
    display.o(i.write_display) refers to display.o(i.write_digit) for write_digit
    display.o(i.write_display) refers to display.o(i.choose_anode) for choose_anode
    display.o(i.write_display) refers to stm32f0xx_hal.o(i.HAL_Delay) for HAL_Delay
    main.o(i.MX_GPIO_Init) refers to rt_memclr.o(.text) for __aeabi_memclr4
    main.o(i.MX_GPIO_Init) refers to stm32f0xx_hal_gpio.o(i.HAL_GPIO_WritePin) for HAL_GPIO_WritePin
    main.o(i.MX_GPIO_Init) refers to stm32f0xx_hal_gpio.o(i.HAL_GPIO_Init) for HAL_GPIO_Init
    main.o(i.MX_TIM14_Init) refers to rt_memclr.o(.text) for __aeabi_memclr4
    main.o(i.MX_TIM14_Init) refers to stm32f0xx_hal_tim.o(i.HAL_TIM_Base_Init) for HAL_TIM_Base_Init
    main.o(i.MX_TIM14_Init) refers to main.o(i.Error_Handler) for Error_Handler
    main.o(i.MX_TIM14_Init) refers to stm32f0xx_hal_tim.o(i.HAL_TIM_PWM_Init) for HAL_TIM_PWM_Init
    main.o(i.MX_TIM14_Init) refers to stm32f0xx_hal_tim.o(i.HAL_TIM_PWM_ConfigChannel) for HAL_TIM_PWM_ConfigChannel
    main.o(i.MX_TIM14_Init) refers to stm32f0xx_hal_msp.o(i.HAL_TIM_MspPostInit) for HAL_TIM_MspPostInit
    main.o(i.MX_TIM14_Init) refers to main.o(.bss) for htim14
    main.o(i.SystemClock_Config) refers to rt_memclr.o(.text) for __aeabi_memclr4
    main.o(i.SystemClock_Config) refers to stm32f0xx_hal_rcc.o(i.HAL_RCC_OscConfig) for HAL_RCC_OscConfig
    main.o(i.SystemClock_Config) refers to main.o(i.Error_Handler) for Error_Handler
    main.o(i.SystemClock_Config) refers to stm32f0xx_hal_rcc.o(i.HAL_RCC_ClockConfig) for HAL_RCC_ClockConfig
    main.o(i.SystemClock_Config) refers to stm32f0xx_hal_rcc_ex.o(i.HAL_RCCEx_PeriphCLKConfig) for HAL_RCCEx_PeriphCLKConfig
    main.o(i.main) refers to stm32f0xx_hal.o(i.HAL_Init) for HAL_Init
    main.o(i.main) refers to main.o(i.SystemClock_Config) for SystemClock_Config
    main.o(i.main) refers to main.o(i.MX_GPIO_Init) for MX_GPIO_Init
    main.o(i.main) refers to main.o(i.MX_TIM14_Init) for MX_TIM14_Init
    main.o(i.main) refers to stm32f0xx_hal_tim.o(i.HAL_TIM_PWM_Start) for HAL_TIM_PWM_Start
    main.o(i.main) refers to main.o(i.Error_Handler) for Error_Handler
    main.o(i.main) refers to stm32f0xx_hal_tim.o(i.HAL_TIM_PWM_Start_IT) for HAL_TIM_PWM_Start_IT
    main.o(i.main) refers to debounce.o(i.is_button_down) for is_button_down
    main.o(i.main) refers to main.o(i.set_digits) for set_digits
    main.o(i.main) refers to debounce.o(i.is_button_up) for is_button_up
    main.o(i.main) refers to display.o(i.write_display) for write_display
    main.o(i.main) refers to stm32f0xx_hal.o(i.HAL_Delay) for HAL_Delay
    main.o(i.main) refers to main.o(.bss) for htim14
    main.o(i.main) refers to main.o(.data) for down_button_history
    main.o(i.set_digits) refers to main.o(.data) for tens_arr
    stm32f0xx_it.o(i.SysTick_Handler) refers to stm32f0xx_hal.o(i.HAL_IncTick) for HAL_IncTick
    stm32f0xx_it.o(i.SysTick_Handler) refers to debounce.o(i.update_button) for update_button
    stm32f0xx_it.o(i.SysTick_Handler) refers to main.o(.data) for up_button_history
    stm32f0xx_it.o(i.TIM14_IRQHandler) refers to stm32f0xx_hal_tim.o(i.HAL_TIM_IRQHandler) for HAL_TIM_IRQHandler
    stm32f0xx_it.o(i.TIM14_IRQHandler) refers to main.o(.bss) for htim14
    startup_stm32f030x6.o(STACK) refers (Special) to heapauxi.o(.text) for __use_two_region_memory
    startup_stm32f030x6.o(HEAP) refers (Special) to heapauxi.o(.text) for __use_two_region_memory
    startup_stm32f030x6.o(RESET) refers (Special) to heapauxi.o(.text) for __use_two_region_memory
    startup_stm32f030x6.o(RESET) refers to startup_stm32f030x6.o(STACK) for __initial_sp
    startup_stm32f030x6.o(RESET) refers to startup_stm32f030x6.o(.text) for Reset_Handler
    startup_stm32f030x6.o(RESET) refers to stm32f0xx_it.o(i.NMI_Handler) for NMI_Handler
    startup_stm32f030x6.o(RESET) refers to stm32f0xx_it.o(i.HardFault_Handler) for HardFault_Handler
    startup_stm32f030x6.o(RESET) refers to stm32f0xx_it.o(i.SVC_Handler) for SVC_Handler
    startup_stm32f030x6.o(RESET) refers to stm32f0xx_it.o(i.PendSV_Handler) for PendSV_Handler
    startup_stm32f030x6.o(RESET) refers to stm32f0xx_it.o(i.SysTick_Handler) for SysTick_Handler
    startup_stm32f030x6.o(RESET) refers to stm32f0xx_it.o(i.TIM14_IRQHandler) for TIM14_IRQHandler
    startup_stm32f030x6.o(.text) refers (Special) to heapauxi.o(.text) for __use_two_region_memory
    startup_stm32f030x6.o(.text) refers to system_stm32f0xx.o(i.SystemInit) for SystemInit
[...]
    Removing stm32f0xx_hal_tim.o(i.TIM_DMATriggerCplt), (20 bytes).
    Removing stm32f0xx_hal_tim.o(i.TIM_DMATriggerHalfCplt), (20 bytes).
    Removing stm32f0xx_hal_tim.o(i.TIM_ETR_SetConfig), (28 bytes).
    Removing stm32f0xx_hal_tim.o(i.TIM_ITRx_SetConfig), (24 bytes).
    Removing stm32f0xx_hal_tim.o(i.TIM_SlaveTimer_SetConfig), (176 bytes).
    Removing stm32f0xx_hal_tim.o(i.TIM_TI1_ConfigInputStage), (50 bytes).
    Removing stm32f0xx_hal_tim.o(i.TIM_TI1_SetConfig), (96 bytes).
    Removing stm32f0xx_hal_tim.o(i.TIM_TI2_ConfigInputStage), (50 bytes).
    Removing stm32f0xx_hal_tim.o(i.TIM_TI2_SetConfig), (72 bytes).
    Removing stm32f0xx_hal_tim.o(i.TIM_TI3_SetConfig), (70 bytes).
    Removing stm32f0xx_hal_tim.o(i.TIM_TI4_SetConfig), (78 bytes).
    Removing stm32f0xx_hal_tim_ex.o(.rev16_text), (4 bytes).
    Removing stm32f0xx_hal_tim_ex.o(.revsh_text), (4 bytes).
    Removing stm32f0xx_hal_tim_ex.o(i.HAL_TIMEx_CommutHalfCpltCallback), (2 bytes).
    Removing stm32f0xx_hal_tim_ex.o(i.HAL_TIMEx_ConfigBreakDeadTime), (140 bytes).
    Removing stm32f0xx_hal_tim_ex.o(i.HAL_TIMEx_ConfigCommutEvent), (138 bytes).
    Removing stm32f0xx_hal_tim_ex.o(i.HAL_TIMEx_ConfigCommutEvent_DMA), (168 bytes).
    Removing stm32f0xx_hal_tim_ex.o(i.HAL_TIMEx_ConfigCommutEvent_IT), (138 bytes).
    Removing stm32f0xx_hal_tim_ex.o(i.HAL_TIMEx_HallSensor_DeInit), (80 bytes).
    Removing stm32f0xx_hal_tim_ex.o(i.HAL_TIMEx_HallSensor_GetState), (8 bytes).
    Removing stm32f0xx_hal_tim_ex.o(i.HAL_TIMEx_HallSensor_Init), (212 bytes).
    Removing stm32f0xx_hal_tim_ex.o(i.HAL_TIMEx_HallSensor_MspDeInit), (2 bytes).
    Removing stm32f0xx_hal_tim_ex.o(i.HAL_TIMEx_HallSensor_MspInit), (2 bytes).
    Removing stm32f0xx_hal_tim_ex.o(i.HAL_TIMEx_HallSensor_Start), (42 bytes).
    Removing stm32f0xx_hal_tim_ex.o(i.HAL_TIMEx_HallSensor_Start_DMA), (148 bytes).
    Removing stm32f0xx_hal_tim_ex.o(i.HAL_TIMEx_HallSensor_Start_IT), (54 bytes).
    Removing stm32f0xx_hal_tim_ex.o(i.HAL_TIMEx_HallSensor_Stop), (64 bytes).
    Removing stm32f0xx_hal_tim_ex.o(i.HAL_TIMEx_HallSensor_Stop_DMA), (84 bytes).
    Removing stm32f0xx_hal_tim_ex.o(i.HAL_TIMEx_HallSensor_Stop_IT), (76 bytes).
    Removing stm32f0xx_hal_tim_ex.o(i.HAL_TIMEx_MasterConfigSynchronization), (120 bytes).
    Removing stm32f0xx_hal_tim_ex.o(i.HAL_TIMEx_OCN_Start), (58 bytes).
    Removing stm32f0xx_hal_tim_ex.o(i.HAL_TIMEx_OCN_Start_DMA), (304 bytes).
    Removing stm32f0xx_hal_tim_ex.o(i.HAL_TIMEx_OCN_Start_IT), (130 bytes).
    Removing stm32f0xx_hal_tim_ex.o(i.HAL_TIMEx_OCN_Stop), (108 bytes).
    Removing stm32f0xx_hal_tim_ex.o(i.HAL_TIMEx_OCN_Stop_DMA), (196 bytes).
    Removing stm32f0xx_hal_tim_ex.o(i.HAL_TIMEx_OCN_Stop_IT), (196 bytes).
    Removing stm32f0xx_hal_tim_ex.o(i.HAL_TIMEx_OnePulseN_Start), (34 bytes).
    Removing stm32f0xx_hal_tim_ex.o(i.HAL_TIMEx_OnePulseN_Start_IT), (58 bytes).
    Removing stm32f0xx_hal_tim_ex.o(i.HAL_TIMEx_OnePulseN_Stop), (108 bytes).
    Removing stm32f0xx_hal_tim_ex.o(i.HAL_TIMEx_OnePulseN_Stop_IT), (132 bytes).
    Removing stm32f0xx_hal_tim_ex.o(i.HAL_TIMEx_PWMN_Start), (58 bytes).
    Removing stm32f0xx_hal_tim_ex.o(i.HAL_TIMEx_PWMN_Start_DMA), (304 bytes).
    Removing stm32f0xx_hal_tim_ex.o(i.HAL_TIMEx_PWMN_Start_IT), (130 bytes).
    Removing stm32f0xx_hal_tim_ex.o(i.HAL_TIMEx_PWMN_Stop), (108 bytes).
    Removing stm32f0xx_hal_tim_ex.o(i.HAL_TIMEx_PWMN_Stop_DMA), (196 bytes).
    Removing stm32f0xx_hal_tim_ex.o(i.HAL_TIMEx_PWMN_Stop_IT), (196 bytes).
    Removing stm32f0xx_hal_tim_ex.o(i.HAL_TIMEx_RemapConfig), (42 bytes).
    Removing stm32f0xx_hal_tim_ex.o(i.TIMEx_DMACommutationCplt), (20 bytes).
    Removing stm32f0xx_hal_tim_ex.o(i.TIMEx_DMACommutationHalfCplt), (20 bytes).
    Removing stm32f0xx_hal_tim_ex.o(i.TIM_CCxNChannelCmd), (34 bytes).
    Removing stm32f0xx_hal_tsc.o(.rev16_text), (4 bytes).
    Removing stm32f0xx_hal_tsc.o(.revsh_text), (4 bytes).
    Removing stm32f0xx_hal_uart.o(.rev16_text), (4 bytes).
    Removing stm32f0xx_hal_uart.o(.revsh_text), (4 bytes).
    Removing stm32f0xx_hal_uart.o(i.HAL_HalfDuplex_EnableReceiver), (70 bytes).
    Removing stm32f0xx_hal_uart.o(i.HAL_HalfDuplex_EnableTransmitter), (70 bytes).
    Removing stm32f0xx_hal_uart.o(i.HAL_HalfDuplex_Init), (116 bytes).
    Removing stm32f0xx_hal_uart.o(i.HAL_MultiProcessor_DisableMuteMode), (54 bytes).
    Removing stm32f0xx_hal_uart.o(i.HAL_MultiProcessor_EnableMuteMode), (54 bytes).
    Removing stm32f0xx_hal_uart.o(i.HAL_MultiProcessor_EnterMuteMode), (14 bytes).
    Removing stm32f0xx_hal_uart.o(i.HAL_MultiProcessor_Init), (160 bytes).
    Removing stm32f0xx_hal_uart.o(i.HAL_UART_Abort), (196 bytes).
    Removing stm32f0xx_hal_uart.o(i.HAL_UART_AbortCpltCallback), (2 bytes).
    Removing stm32f0xx_hal_uart.o(i.HAL_UART_AbortReceive), (124 bytes).
    Removing stm32f0xx_hal_uart.o(i.HAL_UART_AbortReceiveCpltCallback), (2 bytes).
    Removing stm32f0xx_hal_uart.o(i.HAL_UART_AbortReceive_IT), (156 bytes).
    Removing stm32f0xx_hal_uart.o(i.HAL_UART_AbortTransmit), (92 bytes).
    Removing stm32f0xx_hal_uart.o(i.HAL_UART_AbortTransmitCpltCallback), (2 bytes).
    Removing stm32f0xx_hal_uart.o(i.HAL_UART_AbortTransmit_IT), (120 bytes).
    Removing stm32f0xx_hal_uart.o(i.HAL_UART_Abort_IT), (256 bytes).
    Removing stm32f0xx_hal_uart.o(i.HAL_UART_DMAPause), (122 bytes).
    Removing stm32f0xx_hal_uart.o(i.HAL_UART_DMAResume), (106 bytes).
    Removing stm32f0xx_hal_uart.o(i.HAL_UART_DMAStop), (144 bytes).
    Removing stm32f0xx_hal_uart.o(i.HAL_UART_DeInit), (70 bytes).
    Removing stm32f0xx_hal_uart.o(i.HAL_UART_DisableReceiverTimeout), (68 bytes).
    Removing stm32f0xx_hal_uart.o(i.HAL_UART_EnableReceiverTimeout), (68 bytes).
    Removing stm32f0xx_hal_uart.o(i.HAL_UART_ErrorCallback), (2 bytes).
    Removing stm32f0xx_hal_uart.o(i.HAL_UART_GetError), (6 bytes).
    Removing stm32f0xx_hal_uart.o(i.HAL_UART_GetState), (12 bytes).
    Removing stm32f0xx_hal_uart.o(i.HAL_UART_IRQHandler), (464 bytes).
    Removing stm32f0xx_hal_uart.o(i.HAL_UART_Init), (126 bytes).
    Removing stm32f0xx_hal_uart.o(i.HAL_UART_MspDeInit), (2 bytes).
    Removing stm32f0xx_hal_uart.o(i.HAL_UART_MspInit), (2 bytes).
    Removing stm32f0xx_hal_uart.o(i.HAL_UART_Receive), (320 bytes).
    Removing stm32f0xx_hal_uart.o(i.HAL_UART_Receive_DMA), (232 bytes).
    Removing stm32f0xx_hal_uart.o(i.HAL_UART_Receive_IT), (244 bytes).
    Removing stm32f0xx_hal_uart.o(i.HAL_UART_ReceiverTimeout_Config), (16 bytes).
    Removing stm32f0xx_hal_uart.o(i.HAL_UART_RxCpltCallback), (2 bytes).
    Removing stm32f0xx_hal_uart.o(i.HAL_UART_RxHalfCpltCallback), (2 bytes).
    Removing stm32f0xx_hal_uart.o(i.HAL_UART_Transmit), (256 bytes).
    Removing stm32f0xx_hal_uart.o(i.HAL_UART_Transmit_DMA), (216 bytes).
    Removing stm32f0xx_hal_uart.o(i.HAL_UART_Transmit_IT), (156 bytes).
    Removing stm32f0xx_hal_uart.o(i.HAL_UART_TxCpltCallback), (2 bytes).
    Removing stm32f0xx_hal_uart.o(i.HAL_UART_TxHalfCpltCallback), (2 bytes).
    Removing stm32f0xx_hal_uart.o(i.UART_AdvFeatureConfig), (240 bytes).
    Removing stm32f0xx_hal_uart.o(i.UART_CheckIdleState), (112 bytes).
    Removing stm32f0xx_hal_uart.o(i.UART_DMAAbortOnError), (24 bytes).
    Removing stm32f0xx_hal_uart.o(i.UART_DMAError), (82 bytes).
    Removing stm32f0xx_hal_uart.o(i.UART_DMAReceiveCplt), (68 bytes).
    Removing stm32f0xx_hal_uart.o(i.UART_DMARxAbortCallback), (76 bytes).
    Removing stm32f0xx_hal_uart.o(i.UART_DMARxHalfCplt), (14 bytes).
    Removing stm32f0xx_hal_uart.o(i.UART_DMARxOnlyAbortCallback), (42 bytes).
    Removing stm32f0xx_hal_uart.o(i.UART_DMATransmitCplt), (52 bytes).
    Removing stm32f0xx_hal_uart.o(i.UART_DMATxAbortCallback), (64 bytes).
    Removing stm32f0xx_hal_uart.o(i.UART_DMATxHalfCplt), (14 bytes).
    Removing stm32f0xx_hal_uart.o(i.UART_DMATxOnlyAbortCallback), (24 bytes).
    Removing stm32f0xx_hal_uart.o(i.UART_EndRxTransfer), (36 bytes).
    Removing stm32f0xx_hal_uart.o(i.UART_EndTransmit_IT), (32 bytes).
    Removing stm32f0xx_hal_uart.o(i.UART_EndTxTransfer), (18 bytes).
    Removing stm32f0xx_hal_uart.o(i.UART_RxISR_16BIT), (106 bytes).
    Removing stm32f0xx_hal_uart.o(i.UART_RxISR_8BIT), (106 bytes).
    Removing stm32f0xx_hal_uart.o(i.UART_SetConfig), (452 bytes).
    Removing stm32f0xx_hal_uart.o(i.UART_TxISR_16BIT), (72 bytes).
    Removing stm32f0xx_hal_uart.o(i.UART_TxISR_8BIT), (68 bytes).
    Removing stm32f0xx_hal_uart.o(i.UART_WaitOnFlagUntilTimeout), (188 bytes).
    Removing stm32f0xx_hal_uart_ex.o(.rev16_text), (4 bytes).
    Removing stm32f0xx_hal_uart_ex.o(.revsh_text), (4 bytes).
    Removing stm32f0xx_hal_uart_ex.o(i.HAL_MultiProcessorEx_AddressLength_Set), (64 bytes).
    Removing stm32f0xx_hal_uart_ex.o(i.HAL_RS485Ex_Init), (156 bytes).
    Removing stm32f0xx_hal_usart.o(.rev16_text), (4 bytes).
    Removing stm32f0xx_hal_usart.o(.revsh_text), (4 bytes).
    Removing stm32f0xx_hal_usart_ex.o(.rev16_text), (4 bytes).
    Removing stm32f0xx_hal_usart_ex.o(.revsh_text), (4 bytes).
    Removing stm32f0xx_hal_wwdg.o(.rev16_text), (4 bytes).
    Removing stm32f0xx_hal_wwdg.o(.revsh_text), (4 bytes).
    Removing stm32f0xx_ll_usb.o(.rev16_text), (4 bytes).
    Removing stm32f0xx_ll_usb.o(.revsh_text), (4 bytes).
    Removing stm32f0xx_ll_utils.o(.rev16_text), (4 bytes).
    Removing stm32f0xx_ll_utils.o(.revsh_text), (4 bytes).
    Removing stm32f0xx_ll_utils.o(i.LL_Init1msTick), (40 bytes).
    Removing stm32f0xx_ll_utils.o(i.LL_PLL_ConfigSystemClock_HSE), (152 bytes).
    Removing stm32f0xx_ll_utils.o(i.LL_PLL_ConfigSystemClock_HSI), (100 bytes).
    Removing stm32f0xx_ll_utils.o(i.LL_RCC_HSE_IsReady), (20 bytes).
    Removing stm32f0xx_ll_utils.o(i.LL_RCC_HSI_IsReady), (16 bytes).
    Removing stm32f0xx_ll_utils.o(i.LL_RCC_PLL_ConfigDomain_SYS), (48 bytes).
    Removing stm32f0xx_ll_utils.o(i.LL_RCC_PLL_IsReady), (20 bytes).
    Removing stm32f0xx_ll_utils.o(i.LL_SetSystemCoreClock), (12 bytes).
    Removing stm32f0xx_ll_utils.o(i.LL_mDelay), (48 bytes).
    Removing stm32f0xx_ll_utils.o(i.UTILS_EnablePLLAndSwitchSystem), (204 bytes).
    Removing stm32f0xx_ll_utils.o(i.UTILS_GetPLLOutputFrequency), (38 bytes).
    Removing stm32f0xx_ll_utils.o(i.UTILS_PLL_IsBusy), (18 bytes).
    Removing stm32f0xx_ll_utils.o(i.UTILS_SetFlashLatency), (68 bytes).
    Removing stm32f0xx_hal_dma.o(i.__ARM_common_switch8), (28 bytes).

508 unused section(s) (total 43436 bytes) removed from the image.

==============================================================================

Image Symbol Table

    Local Symbols

    Symbol Name                              Value     Ov Type        Size  Object(Section)

    ../clib/angel/boardlib.s                 0x00000000   Number         0  boardinit2.o ABSOLUTE
    ../clib/angel/boardlib.s                 0x00000000   Number         0  boardinit1.o ABSOLUTE
    ../clib/angel/boardlib.s                 0x00000000   Number         0  boardshut.o ABSOLUTE
    ../clib/angel/boardlib.s                 0x00000000   Number         0  boardinit3.o ABSOLUTE
    ../clib/angel/handlers.s                 0x00000000   Number         0  __scatter_zi.o ABSOLUTE
    ../clib/angel/handlers.s                 0x00000000   Number         0  __scatter_copy.o ABSOLUTE
    ../clib/angel/kernel.s                   0x00000000   Number         0  __rtentry2.o ABSOLUTE
    ../clib/angel/kernel.s                   0x00000000   Number         0  __rtentry4.o ABSOLUTE
    ../clib/angel/kernel.s                   0x00000000   Number         0  rtexit2.o ABSOLUTE
    ../clib/angel/kernel.s                   0x00000000   Number         0  __rtentry.o ABSOLUTE
    ../clib/angel/kernel.s                   0x00000000   Number         0  rtexit.o ABSOLUTE
    ../clib/angel/rt.s                       0x00000000   Number         0  rt_div0.o ABSOLUTE
    ../clib/angel/rt.s                       0x00000000   Number         0  aeabi_idiv0.o ABSOLUTE
    ../clib/angel/rt.s                       0x00000000   Number         0  rt_raise.o ABSOLUTE
    ../clib/angel/rt.s                       0x00000000   Number         0  aeabi_idiv0_sigfpe.o ABSOLUTE
    ../clib/angel/rt.s                       0x00000000   Number         0  aeabi_ldiv0.o ABSOLUTE
    ../clib/angel/rt.s                       0x00000000   Number         0  aeabi_ldiv0_sigfpe.o ABSOLUTE
    ../clib/angel/scatterp.s                 0x00000000   Number         0  __scatter.o ABSOLUTE
    ../clib/angel/startup.s                  0x00000000   Number         0  __main.o ABSOLUTE
    ../clib/angel/sys.s                      0x00000000   Number         0  use_no_semi.o ABSOLUTE
    ../clib/angel/sys.s                      0x00000000   Number         0  sys_stackheap_outer.o ABSOLUTE
    ../clib/angel/sys.s                      0x00000000   Number         0  indicate_semi.o ABSOLUTE
    ../clib/angel/sys.s                      0x00000000   Number         0  tempstk.o ABSOLUTE
    ../clib/angel/sys.s                      0x00000000   Number         0  libspace.o ABSOLUTE
    ../clib/angel/sysapp.c                   0x00000000   Number         0  sys_exit.o ABSOLUTE
    ../clib/angel/sysapp.c                   0x00000000   Number         0  sys_wrch.o ABSOLUTE
    ../clib/angel/sysapp.c                   0x00000000   Number         0  sys_command.o ABSOLUTE
    ../clib/armsys.c                         0x00000000   Number         0  argv_veneer.o ABSOLUTE
    ../clib/armsys.c                         0x00000000   Number         0  _get_argv_nomalloc.o ABSOLUTE
    ../clib/armsys.c                         0x00000000   Number         0  no_argv.o ABSOLUTE
    ../clib/division.c                       0x00000000   Number         0  lludiv.o ABSOLUTE
    ../clib/division.s                       0x00000000   Number         0  aeabi_sdiv_div0.o ABSOLUTE
    ../clib/division.s                       0x00000000   Number         0  aeabi_sdiv.o ABSOLUTE
    ../clib/heapalloc.c                      0x00000000   Number         0  hrguard.o ABSOLUTE
    ../clib/heapaux.c                        0x00000000   Number         0  heapauxi.o ABSOLUTE
    ../clib/libinit.s                        0x00000000   Number         0  libinit2.o ABSOLUTE
    ../clib/libinit.s                        0x00000000   Number         0  libshutdown2.o ABSOLUTE
    ../clib/libinit.s                        0x00000000   Number         0  libshutdown.o ABSOLUTE
    ../clib/libinit.s                        0x00000000   Number         0  libinit.o ABSOLUTE
    ../clib/longlong.c                       0x00000000   Number         0  llushr.o ABSOLUTE
    ../clib/memcpset.c                       0x00000000   Number         0  rt_memclr.o ABSOLUTE
    ../clib/signal.c                         0x00000000   Number         0  defsig_fpe_inner.o ABSOLUTE
    ../clib/signal.c                         0x00000000   Number         0  defsig_other.o ABSOLUTE
    ../clib/signal.c                         0x00000000   Number         0  defsig_segv_inner.o ABSOLUTE
    ../clib/signal.c                         0x00000000   Number         0  defsig_cppl_inner.o ABSOLUTE
    ../clib/signal.c                         0x00000000   Number         0  defsig_pvfn_inner.o ABSOLUTE
    ../clib/signal.c                         0x00000000   Number         0  defsig_stak_inner.o ABSOLUTE
    ../clib/signal.c                         0x00000000   Number         0  defsig_rtmem_formal.o ABSOLUTE
    ../clib/signal.c                         0x00000000   Number         0  defsig_general.o ABSOLUTE
    ../clib/signal.c                         0x00000000   Number         0  __raise.o ABSOLUTE
    ../clib/signal.c                         0x00000000   Number         0  defsig_fpe_outer.o ABSOLUTE
    ../clib/signal.c                         0x00000000   Number         0  defsig_fpe_formal.o ABSOLUTE
    ../clib/signal.c                         0x00000000   Number         0  defsig_rtmem_outer.o ABSOLUTE
    ../clib/signal.c                         0x00000000   Number         0  defsig_rtmem_inner.o ABSOLUTE
    ../clib/signal.c                         0x00000000   Number         0  defsig_rtred_inner.o ABSOLUTE
    ../clib/signal.c                         0x00000000   Number         0  defsig_abrt_inner.o ABSOLUTE
    ../clib/signal.c                         0x00000000   Number         0  defsig_exit.o ABSOLUTE
    ../clib/signal.s                         0x00000000   Number         0  defsig.o ABSOLUTE
    ../clib/stdlib.c                         0x00000000   Number         0  exit.o ABSOLUTE
    ../fplib/cfplib/fpinit.c                 0x00000000   Number         0  fpinit.o ABSOLUTE
    ..\..\Libraries\Debounce\debounce.c      0x00000000   Number         0  debounce.o ABSOLUTE
    ..\\..\\Libraries\\Debounce\\debounce.c  0x00000000   Number         0  debounce.o ABSOLUTE
    C:\Embedded\Serious_WorkSpace\Relay_Controller\RTE\Device\STM32F030F4Px\STCubeGenerated\MDK-ARM\startup_stm32f030x6.s 0x00000000   Number         0  startup_stm32f030x6.o ABSOLUTE
    C:\Embedded\Serious_WorkSpace\Relay_Controller\RTE\Device\STM32F030F4Px\STCubeGenerated\Src\stm32f0xx_hal_msp.c 0x00000000   Number         0  stm32f0xx_hal_msp.o ABSOLUTE
    C:\Embedded\Serious_WorkSpace\Relay_Controller\RTE\Device\STM32F030F4Px\STCubeGenerated\Src\system_stm32f0xx.c 0x00000000   Number         0  system_stm32f0xx.o ABSOLUTE
    C:\Users\Illya Budko\AppData\Local\Arm\Packs\Keil\STM32F0xx_DFP\2.1.0\Drivers\STM32F0xx_HAL_Driver\Src\stm32f0xx_hal.c 0x00000000   Number         0  stm32f0xx_hal.o ABSOLUTE
    C:\Users\Illya Budko\AppData\Local\Arm\Packs\Keil\STM32F0xx_DFP\2.1.0\Drivers\STM32F0xx_HAL_Driver\Src\stm32f0xx_hal_adc.c 0x00000000   Number         0  stm32f0xx_hal_adc.o ABSOLUTE
    C:\Users\Illya Budko\AppData\Local\Arm\Packs\Keil\STM32F0xx_DFP\2.1.0\Drivers\STM32F0xx_HAL_Driver\Src\stm32f0xx_hal_adc_ex.c 0x00000000   Number         0  stm32f0xx_hal_adc_ex.o ABSOLUTE
    C:\Users\Illya Budko\AppData\Local\Arm\Packs\Keil\STM32F0xx_DFP\2.1.0\Drivers\STM32F0xx_HAL_Driver\Src\stm32f0xx_hal_can.c 0x00000000   Number         0  stm32f0xx_hal_can.o ABSOLUTE
    C:\Users\Illya Budko\AppData\Local\Arm\Packs\Keil\STM32F0xx_DFP\2.1.0\Drivers\STM32F0xx_HAL_Driver\Src\stm32f0xx_hal_cec.c 0x00000000   Number         0  stm32f0xx_hal_cec.o ABSOLUTE
    C:\Users\Illya Budko\AppData\Local\Arm\Packs\Keil\STM32F0xx_DFP\2.1.0\Drivers\STM32F0xx_HAL_Driver\Src\stm32f0xx_hal_comp.c 0x00000000   Number         0  stm32f0xx_hal_comp.o ABSOLUTE
    C:\Users\Illya Budko\AppData\Local\Arm\Packs\Keil\STM32F0xx_DFP\2.1.0\Drivers\STM32F0xx_HAL_Driver\Src\stm32f0xx_hal_cortex.c 0x00000000   Number         0  stm32f0xx_hal_cortex.o ABSOLUTE
    C:\Users\Illya Budko\AppData\Local\Arm\Packs\Keil\STM32F0xx_DFP\2.1.0\Drivers\STM32F0xx_HAL_Driver\Src\stm32f0xx_hal_crc.c 0x00000000   Number         0  stm32f0xx_hal_crc.o ABSOLUTE
    C:\Users\Illya Budko\AppData\Local\Arm\Packs\Keil\STM32F0xx_DFP\2.1.0\Drivers\STM32F0xx_HAL_Driver\Src\stm32f0xx_hal_crc_ex.c 0x00000000   Number         0  stm32f0xx_hal_crc_ex.o ABSOLUTE
    C:\Users\Illya Budko\AppData\Local\Arm\Packs\Keil\STM32F0xx_DFP\2.1.0\Drivers\STM32F0xx_HAL_Driver\Src\stm32f0xx_hal_dac.c 0x00000000   Number         0  stm32f0xx_hal_dac.o ABSOLUTE
    C:\Users\Illya Budko\AppData\Local\Arm\Packs\Keil\STM32F0xx_DFP\2.1.0\Drivers\STM32F0xx_HAL_Driver\Src\stm32f0xx_hal_dac_ex.c 0x00000000   Number         0  stm32f0xx_hal_dac_ex.o ABSOLUTE
    C:\Users\Illya Budko\AppData\Local\Arm\Packs\Keil\STM32F0xx_DFP\2.1.0\Drivers\STM32F0xx_HAL_Driver\Src\stm32f0xx_hal_dma.c 0x00000000   Number         0  stm32f0xx_hal_dma.o ABSOLUTE
    C:\Users\Illya Budko\AppData\Local\Arm\Packs\Keil\STM32F0xx_DFP\2.1.0\Drivers\STM32F0xx_HAL_Driver\Src\stm32f0xx_hal_exti.c 0x00000000   Number         0  stm32f0xx_hal_exti.o ABSOLUTE
    C:\Users\Illya Budko\AppData\Local\Arm\Packs\Keil\STM32F0xx_DFP\2.1.0\Drivers\STM32F0xx_HAL_Driver\Src\stm32f0xx_hal_flash.c 0x00000000   Number         0  stm32f0xx_hal_flash.o ABSOLUTE
    C:\Users\Illya Budko\AppData\Local\Arm\Packs\Keil\STM32F0xx_DFP\2.1.0\Drivers\STM32F0xx_HAL_Driver\Src\stm32f0xx_hal_flash_ex.c 0x00000000   Number         0  stm32f0xx_hal_flash_ex.o ABSOLUTE
    C:\Users\Illya Budko\AppData\Local\Arm\Packs\Keil\STM32F0xx_DFP\2.1.0\Drivers\STM32F0xx_HAL_Driver\Src\stm32f0xx_hal_gpio.c 0x00000000   Number         0  stm32f0xx_hal_gpio.o ABSOLUTE
    C:\Users\Illya Budko\AppData\Local\Arm\Packs\Keil\STM32F0xx_DFP\2.1.0\Drivers\STM32F0xx_HAL_Driver\Src\stm32f0xx_hal_i2c.c 0x00000000   Number         0  stm32f0xx_hal_i2c.o ABSOLUTE
    C:\Users\Illya Budko\AppData\Local\Arm\Packs\Keil\STM32F0xx_DFP\2.1.0\Drivers\STM32F0xx_HAL_Driver\Src\stm32f0xx_hal_i2c_ex.c 0x00000000   Number         0  stm32f0xx_hal_i2c_ex.o ABSOLUTE
    C:\Users\Illya Budko\AppData\Local\Arm\Packs\Keil\STM32F0xx_DFP\2.1.0\Drivers\STM32F0xx_HAL_Driver\Src\stm32f0xx_hal_i2s.c 0x00000000   Number         0  stm32f0xx_hal_i2s.o ABSOLUTE
    C:\Users\Illya Budko\AppData\Local\Arm\Packs\Keil\STM32F0xx_DFP\2.1.0\Drivers\STM32F0xx_HAL_Driver\Src\stm32f0xx_hal_irda.c 0x00000000   Number         0  stm32f0xx_hal_irda.o ABSOLUTE
    C:\Users\Illya Budko\AppData\Local\Arm\Packs\Keil\STM32F0xx_DFP\2.1.0\Drivers\STM32F0xx_HAL_Driver\Src\stm32f0xx_hal_iwdg.c 0x00000000   Number         0  stm32f0xx_hal_iwdg.o ABSOLUTE
    C:\Users\Illya Budko\AppData\Local\Arm\Packs\Keil\STM32F0xx_DFP\2.1.0\Drivers\STM32F0xx_HAL_Driver\Src\stm32f0xx_hal_pcd.c 0x00000000   Number         0  stm32f0xx_hal_pcd.o ABSOLUTE
    C:\Users\Illya Budko\AppData\Local\Arm\Packs\Keil\STM32F0xx_DFP\2.1.0\Drivers\STM32F0xx_HAL_Driver\Src\stm32f0xx_hal_pcd_ex.c 0x00000000   Number         0  stm32f0xx_hal_pcd_ex.o ABSOLUTE
    C:\Users\Illya Budko\AppData\Local\Arm\Packs\Keil\STM32F0xx_DFP\2.1.0\Drivers\STM32F0xx_HAL_Driver\Src\stm32f0xx_hal_pwr.c 0x00000000   Number         0  stm32f0xx_hal_pwr.o ABSOLUTE
    C:\Users\Illya Budko\AppData\Local\Arm\Packs\Keil\STM32F0xx_DFP\2.1.0\Drivers\STM32F0xx_HAL_Driver\Src\stm32f0xx_hal_pwr_ex.c 0x00000000   Number         0  stm32f0xx_hal_pwr_ex.o ABSOLUTE
    C:\Users\Illya Budko\AppData\Local\Arm\Packs\Keil\STM32F0xx_DFP\2.1.0\Drivers\STM32F0xx_HAL_Driver\Src\stm32f0xx_hal_rcc.c 0x00000000   Number         0  stm32f0xx_hal_rcc.o ABSOLUTE
    C:\Users\Illya Budko\AppData\Local\Arm\Packs\Keil\STM32F0xx_DFP\2.1.0\Drivers\STM32F0xx_HAL_Driver\Src\stm32f0xx_hal_rcc_ex.c 0x00000000   Number         0  stm32f0xx_hal_rcc_ex.o ABSOLUTE
    C:\Users\Illya Budko\AppData\Local\Arm\Packs\Keil\STM32F0xx_DFP\2.1.0\Drivers\STM32F0xx_HAL_Driver\Src\stm32f0xx_hal_rtc.c 0x00000000   Number         0  stm32f0xx_hal_rtc.o ABSOLUTE
    C:\Users\Illya Budko\AppData\Local\Arm\Packs\Keil\STM32F0xx_DFP\2.1.0\Drivers\STM32F0xx_HAL_Driver\Src\stm32f0xx_hal_rtc_ex.c 0x00000000   Number         0  stm32f0xx_hal_rtc_ex.o ABSOLUTE
    C:\Users\Illya Budko\AppData\Local\Arm\Packs\Keil\STM32F0xx_DFP\2.1.0\Drivers\STM32F0xx_HAL_Driver\Src\stm32f0xx_hal_smartcard.c 0x00000000   Number         0  stm32f0xx_hal_smartcard.o ABSOLUTE
    C:\Users\Illya Budko\AppData\Local\Arm\Packs\Keil\STM32F0xx_DFP\2.1.0\Drivers\STM32F0xx_HAL_Driver\Src\stm32f0xx_hal_smartcard_ex.c 0x00000000   Number         0  stm32f0xx_hal_smartcard_ex.o ABSOLUTE
    C:\Users\Illya Budko\AppData\Local\Arm\Packs\Keil\STM32F0xx_DFP\2.1.0\Drivers\STM32F0xx_HAL_Driver\Src\stm32f0xx_hal_smbus.c 0x00000000   Number         0  stm32f0xx_hal_smbus.o ABSOLUTE
    C:\Users\Illya Budko\AppData\Local\Arm\Packs\Keil\STM32F0xx_DFP\2.1.0\Drivers\STM32F0xx_HAL_Driver\Src\stm32f0xx_hal_spi.c 0x00000000   Number         0  stm32f0xx_hal_spi.o ABSOLUTE
    C:\Users\Illya Budko\AppData\Local\Arm\Packs\Keil\STM32F0xx_DFP\2.1.0\Drivers\STM32F0xx_HAL_Driver\Src\stm32f0xx_hal_spi_ex.c 0x00000000   Number         0  stm32f0xx_hal_spi_ex.o ABSOLUTE
    C:\Users\Illya Budko\AppData\Local\Arm\Packs\Keil\STM32F0xx_DFP\2.1.0\Drivers\STM32F0xx_HAL_Driver\Src\stm32f0xx_hal_tim.c 0x00000000   Number         0  stm32f0xx_hal_tim.o ABSOLUTE
    C:\Users\Illya Budko\AppData\Local\Arm\Packs\Keil\STM32F0xx_DFP\2.1.0\Drivers\STM32F0xx_HAL_Driver\Src\stm32f0xx_hal_tim_ex.c 0x00000000   Number         0  stm32f0xx_hal_tim_ex.o ABSOLUTE
    C:\Users\Illya Budko\AppData\Local\Arm\Packs\Keil\STM32F0xx_DFP\2.1.0\Drivers\STM32F0xx_HAL_Driver\Src\stm32f0xx_hal_tsc.c 0x00000000   Number         0  stm32f0xx_hal_tsc.o ABSOLUTE
    C:\Users\Illya Budko\AppData\Local\Arm\Packs\Keil\STM32F0xx_DFP\2.1.0\Drivers\STM32F0xx_HAL_Driver\Src\stm32f0xx_hal_uart.c 0x00000000   Number         0  stm32f0xx_hal_uart.o ABSOLUTE
    C:\Users\Illya Budko\AppData\Local\Arm\Packs\Keil\STM32F0xx_DFP\2.1.0\Drivers\STM32F0xx_HAL_Driver\Src\stm32f0xx_hal_uart_ex.c 0x00000000   Number         0  stm32f0xx_hal_uart_ex.o ABSOLUTE
    C:\Users\Illya Budko\AppData\Local\Arm\Packs\Keil\STM32F0xx_DFP\2.1.0\Drivers\STM32F0xx_HAL_Driver\Src\stm32f0xx_hal_usart.c 0x00000000   Number         0  stm32f0xx_hal_usart.o ABSOLUTE
    C:\Users\Illya Budko\AppData\Local\Arm\Packs\Keil\STM32F0xx_DFP\2.1.0\Drivers\STM32F0xx_HAL_Driver\Src\stm32f0xx_hal_usart_ex.c 0x00000000   Number         0  stm32f0xx_hal_usart_ex.o ABSOLUTE
    C:\Users\Illya Budko\AppData\Local\Arm\Packs\Keil\STM32F0xx_DFP\2.1.0\Drivers\STM32F0xx_HAL_Driver\Src\stm32f0xx_hal_wwdg.c 0x00000000   Number         0  stm32f0xx_hal_wwdg.o ABSOLUTE
    C:\Users\Illya Budko\AppData\Local\Arm\Packs\Keil\STM32F0xx_DFP\2.1.0\Drivers\STM32F0xx_HAL_Driver\Src\stm32f0xx_ll_adc.c 0x00000000   Number         0  stm32f0xx_ll_adc.o ABSOLUTE
    C:\Users\Illya Budko\AppData\Local\Arm\Packs\Keil\STM32F0xx_DFP\2.1.0\Drivers\STM32F0xx_HAL_Driver\Src\stm32f0xx_ll_comp.c 0x00000000   Number         0  stm32f0xx_ll_comp.o ABSOLUTE
    C:\Users\Illya Budko\AppData\Local\Arm\Packs\Keil\STM32F0xx_DFP\2.1.0\Drivers\STM32F0xx_HAL_Driver\Src\stm32f0xx_ll_crc.c 0x00000000   Number         0  stm32f0xx_ll_crc.o ABSOLUTE
    C:\Users\Illya Budko\AppData\Local\Arm\Packs\Keil\STM32F0xx_DFP\2.1.0\Drivers\STM32F0xx_HAL_Driver\Src\stm32f0xx_ll_crs.c 0x00000000   Number         0  stm32f0xx_ll_crs.o ABSOLUTE
    C:\Users\Illya Budko\AppData\Local\Arm\Packs\Keil\STM32F0xx_DFP\2.1.0\Drivers\STM32F0xx_HAL_Driver\Src\stm32f0xx_ll_dac.c 0x00000000   Number         0  stm32f0xx_ll_dac.o ABSOLUTE
    C:\Users\Illya Budko\AppData\Local\Arm\Packs\Keil\STM32F0xx_DFP\2.1.0\Drivers\STM32F0xx_HAL_Driver\Src\stm32f0xx_ll_dma.c 0x00000000   Number         0  stm32f0xx_ll_dma.o ABSOLUTE
    C:\Users\Illya Budko\AppData\Local\Arm\Packs\Keil\STM32F0xx_DFP\2.1.0\Drivers\STM32F0xx_HAL_Driver\Src\stm32f0xx_ll_exti.c 0x00000000   Number         0  stm32f0xx_ll_exti.o ABSOLUTE
    C:\Users\Illya Budko\AppData\Local\Arm\Packs\Keil\STM32F0xx_DFP\2.1.0\Drivers\STM32F0xx_HAL_Driver\Src\stm32f0xx_ll_gpio.c 0x00000000   Number         0  stm32f0xx_ll_gpio.o ABSOLUTE
    C:\Users\Illya Budko\AppData\Local\Arm\Packs\Keil\STM32F0xx_DFP\2.1.0\Drivers\STM32F0xx_HAL_Driver\Src\stm32f0xx_ll_i2c.c 0x00000000   Number         0  stm32f0xx_ll_i2c.o ABSOLUTE
    C:\Users\Illya Budko\AppData\Local\Arm\Packs\Keil\STM32F0xx_DFP\2.1.0\Drivers\STM32F0xx_HAL_Driver\Src\stm32f0xx_ll_pwr.c 0x00000000   Number         0  stm32f0xx_ll_pwr.o ABSOLUTE
    C:\Users\Illya Budko\AppData\Local\Arm\Packs\Keil\STM32F0xx_DFP\2.1.0\Drivers\STM32F0xx_HAL_Driver\Src\stm32f0xx_ll_rcc.c 0x00000000   Number         0  stm32f0xx_ll_rcc.o ABSOLUTE
    C:\Users\Illya Budko\AppData\Local\Arm\Packs\Keil\STM32F0xx_DFP\2.1.0\Drivers\STM32F0xx_HAL_Driver\Src\stm32f0xx_ll_rtc.c 0x00000000   Number         0  stm32f0xx_ll_rtc.o ABSOLUTE
    C:\Users\Illya Budko\AppData\Local\Arm\Packs\Keil\STM32F0xx_DFP\2.1.0\Drivers\STM32F0xx_HAL_Driver\Src\stm32f0xx_ll_spi.c 0x00000000   Number         0  stm32f0xx_ll_spi.o ABSOLUTE
    C:\Users\Illya Budko\AppData\Local\Arm\Packs\Keil\STM32F0xx_DFP\2.1.0\Drivers\STM32F0xx_HAL_Driver\Src\stm32f0xx_ll_tim.c 0x00000000   Number         0  stm32f0xx_ll_tim.o ABSOLUTE
    C:\Users\Illya Budko\AppData\Local\Arm\Packs\Keil\STM32F0xx_DFP\2.1.0\Drivers\STM32F0xx_HAL_Driver\Src\stm32f0xx_ll_usart.c 0x00000000   Number         0  stm32f0xx_ll_usart.o ABSOLUTE
    C:\Users\Illya Budko\AppData\Local\Arm\Packs\Keil\STM32F0xx_DFP\2.1.0\Drivers\STM32F0xx_HAL_Driver\Src\stm32f0xx_ll_usb.c 0x00000000   Number         0  stm32f0xx_ll_usb.o ABSOLUTE
    C:\Users\Illya Budko\AppData\Local\Arm\Packs\Keil\STM32F0xx_DFP\2.1.0\Drivers\STM32F0xx_HAL_Driver\Src\stm32f0xx_ll_utils.c 0x00000000   Number         0  stm32f0xx_ll_utils.o ABSOLUTE
    C:\Users\Illya Budko\AppData\Local\Arm\Packs\Keil\STM32F0xx_DFP\2.1.0\MDK\Driver\stm32f0xx_ll.c 0x00000000   Number         0  stm32f0xx_ll.o ABSOLUTE
    C:\\Embedded\\Serious_WorkSpace\\Relay_Controller\\RTE\\Device\\STM32F030F4Px\\STCubeGenerated\\Src\\stm32f0xx_hal_msp.c 0x00000000   Number         0  stm32f0xx_hal_msp.o ABSOLUTE
    C:\\Embedded\\Serious_WorkSpace\\Relay_Controller\\RTE\\Device\\STM32F030F4Px\\STCubeGenerated\\Src\\system_stm32f0xx.c 0x00000000   Number         0  system_stm32f0xx.o ABSOLUTE
    C:\\Users\\Illya Budko\\AppData\\Local\\Arm\\Packs\\Keil\\STM32F0xx_DFP\\2.1.0\\Drivers\\STM32F0xx_HAL_Driver\\Src\\stm32f0xx_hal.c 0x00000000   Number         0  stm32f0xx_hal.o ABSOLUTE
    C:\\Users\\Illya Budko\\AppData\\Local\\Arm\\Packs\\Keil\\STM32F0xx_DFP\\2.1.0\\Drivers\\STM32F0xx_HAL_Driver\\Src\\stm32f0xx_hal_adc.c 0x00000000   Number         0  stm32f0xx_hal_adc.o ABSOLUTE
    C:\\Users\\Illya Budko\\AppData\\Local\\Arm\\Packs\\Keil\\STM32F0xx_DFP\\2.1.0\\Drivers\\STM32F0xx_HAL_Driver\\Src\\stm32f0xx_hal_adc_ex.c 0x00000000   Number         0  stm32f0xx_hal_adc_ex.o ABSOLUTE
    C:\\Users\\Illya Budko\\AppData\\Local\\Arm\\Packs\\Keil\\STM32F0xx_DFP\\2.1.0\\Drivers\\STM32F0xx_HAL_Driver\\Src\\stm32f0xx_hal_can.c 0x00000000   Number         0  stm32f0xx_hal_can.o ABSOLUTE
    C:\\Users\\Illya Budko\\AppData\\Local\\Arm\\Packs\\Keil\\STM32F0xx_DFP\\2.1.0\\Drivers\\STM32F0xx_HAL_Driver\\Src\\stm32f0xx_hal_cec.c 0x00000000   Number         0  stm32f0xx_hal_cec.o ABSOLUTE
    C:\\Users\\Illya Budko\\AppData\\Local\\Arm\\Packs\\Keil\\STM32F0xx_DFP\\2.1.0\\Drivers\\STM32F0xx_HAL_Driver\\Src\\stm32f0xx_hal_comp.c 0x00000000   Number         0  stm32f0xx_hal_comp.o ABSOLUTE
    C:\\Users\\Illya Budko\\AppData\\Local\\Arm\\Packs\\Keil\\STM32F0xx_DFP\\2.1.0\\Drivers\\STM32F0xx_HAL_Driver\\Src\\stm32f0xx_hal_cortex.c 0x00000000   Number         0  stm32f0xx_hal_cortex.o ABSOLUTE
    C:\\Users\\Illya Budko\\AppData\\Local\\Arm\\Packs\\Keil\\STM32F0xx_DFP\\2.1.0\\Drivers\\STM32F0xx_HAL_Driver\\Src\\stm32f0xx_hal_crc.c 0x00000000   Number         0  stm32f0xx_hal_crc.o ABSOLUTE
    C:\\Users\\Illya Budko\\AppData\\Local\\Arm\\Packs\\Keil\\STM32F0xx_DFP\\2.1.0\\Drivers\\STM32F0xx_HAL_Driver\\Src\\stm32f0xx_hal_crc_ex.c 0x00000000   Number         0  stm32f0xx_hal_crc_ex.o ABSOLUTE
    C:\\Users\\Illya Budko\\AppData\\Local\\Arm\\Packs\\Keil\\STM32F0xx_DFP\\2.1.0\\Drivers\\STM32F0xx_HAL_Driver\\Src\\stm32f0xx_hal_dac.c 0x00000000   Number         0  stm32f0xx_hal_dac.o ABSOLUTE
    C:\\Users\\Illya Budko\\AppData\\Local\\Arm\\Packs\\Keil\\STM32F0xx_DFP\\2.1.0\\Drivers\\STM32F0xx_HAL_Driver\\Src\\stm32f0xx_hal_dac_ex.c 0x00000000   Number         0  stm32f0xx_hal_dac_ex.o ABSOLUTE
    C:\\Users\\Illya Budko\\AppData\\Local\\Arm\\Packs\\Keil\\STM32F0xx_DFP\\2.1.0\\Drivers\\STM32F0xx_HAL_Driver\\Src\\stm32f0xx_hal_dma.c 0x00000000   Number         0  stm32f0xx_hal_dma.o ABSOLUTE
    C:\\Users\\Illya Budko\\AppData\\Local\\Arm\\Packs\\Keil\\STM32F0xx_DFP\\2.1.0\\Drivers\\STM32F0xx_HAL_Driver\\Src\\stm32f0xx_hal_exti.c 0x00000000   Number         0  stm32f0xx_hal_exti.o ABSOLUTE
    C:\\Users\\Illya Budko\\AppData\\Local\\Arm\\Packs\\Keil\\STM32F0xx_DFP\\2.1.0\\Drivers\\STM32F0xx_HAL_Driver\\Src\\stm32f0xx_hal_flash.c 0x00000000   Number         0  stm32f0xx_hal_flash.o ABSOLUTE
    C:\\Users\\Illya Budko\\AppData\\Local\\Arm\\Packs\\Keil\\STM32F0xx_DFP\\2.1.0\\Drivers\\STM32F0xx_HAL_Driver\\Src\\stm32f0xx_hal_flash_ex.c 0x00000000   Number         0  stm32f0xx_hal_flash_ex.o ABSOLUTE
    C:\\Users\\Illya Budko\\AppData\\Local\\Arm\\Packs\\Keil\\STM32F0xx_DFP\\2.1.0\\Drivers\\STM32F0xx_HAL_Driver\\Src\\stm32f0xx_hal_gpio.c 0x00000000   Number         0  stm32f0xx_hal_gpio.o ABSOLUTE
    C:\\Users\\Illya Budko\\AppData\\Local\\Arm\\Packs\\Keil\\STM32F0xx_DFP\\2.1.0\\Drivers\\STM32F0xx_HAL_Driver\\Src\\stm32f0xx_hal_i2c.c 0x00000000   Number         0  stm32f0xx_hal_i2c.o ABSOLUTE
    C:\\Users\\Illya Budko\\AppData\\Local\\Arm\\Packs\\Keil\\STM32F0xx_DFP\\2.1.0\\Drivers\\STM32F0xx_HAL_Driver\\Src\\stm32f0xx_hal_i2c_ex.c 0x00000000   Number         0  stm32f0xx_hal_i2c_ex.o ABSOLUTE
    C:\\Users\\Illya Budko\\AppData\\Local\\Arm\\Packs\\Keil\\STM32F0xx_DFP\\2.1.0\\Drivers\\STM32F0xx_HAL_Driver\\Src\\stm32f0xx_hal_i2s.c 0x00000000   Number         0  stm32f0xx_hal_i2s.o ABSOLUTE
    C:\\Users\\Illya Budko\\AppData\\Local\\Arm\\Packs\\Keil\\STM32F0xx_DFP\\2.1.0\\Drivers\\STM32F0xx_HAL_Driver\\Src\\stm32f0xx_hal_irda.c 0x00000000   Number         0  stm32f0xx_hal_irda.o ABSOLUTE
    C:\\Users\\Illya Budko\\AppData\\Local\\Arm\\Packs\\Keil\\STM32F0xx_DFP\\2.1.0\\Drivers\\STM32F0xx_HAL_Driver\\Src\\stm32f0xx_hal_iwdg.c 0x00000000   Number         0  stm32f0xx_hal_iwdg.o ABSOLUTE
    C:\\Users\\Illya Budko\\AppData\\Local\\Arm\\Packs\\Keil\\STM32F0xx_DFP\\2.1.0\\Drivers\\STM32F0xx_HAL_Driver\\Src\\stm32f0xx_hal_pcd.c 0x00000000   Number         0  stm32f0xx_hal_pcd.o ABSOLUTE
    C:\\Users\\Illya Budko\\AppData\\Local\\Arm\\Packs\\Keil\\STM32F0xx_DFP\\2.1.0\\Drivers\\STM32F0xx_HAL_Driver\\Src\\stm32f0xx_hal_pcd_ex.c 0x00000000   Number         0  stm32f0xx_hal_pcd_ex.o ABSOLUTE
    C:\\Users\\Illya Budko\\AppData\\Local\\Arm\\Packs\\Keil\\STM32F0xx_DFP\\2.1.0\\Drivers\\STM32F0xx_HAL_Driver\\Src\\stm32f0xx_hal_pwr.c 0x00000000   Number         0  stm32f0xx_hal_pwr.o ABSOLUTE
    C:\\Users\\Illya Budko\\AppData\\Local\\Arm\\Packs\\Keil\\STM32F0xx_DFP\\2.1.0\\Drivers\\STM32F0xx_HAL_Driver\\Src\\stm32f0xx_hal_pwr_ex.c 0x00000000   Number         0  stm32f0xx_hal_pwr_ex.o ABSOLUTE
    C:\\Users\\Illya Budko\\AppData\\Local\\Arm\\Packs\\Keil\\STM32F0xx_DFP\\2.1.0\\Drivers\\STM32F0xx_HAL_Driver\\Src\\stm32f0xx_hal_rcc.c 0x00000000   Number         0  stm32f0xx_hal_rcc.o ABSOLUTE
    C:\\Users\\Illya Budko\\AppData\\Local\\Arm\\Packs\\Keil\\STM32F0xx_DFP\\2.1.0\\Drivers\\STM32F0xx_HAL_Driver\\Src\\stm32f0xx_hal_rcc_ex.c 0x00000000   Number         0  stm32f0xx_hal_rcc_ex.o ABSOLUTE
    C:\\Users\\Illya Budko\\AppData\\Local\\Arm\\Packs\\Keil\\STM32F0xx_DFP\\2.1.0\\Drivers\\STM32F0xx_HAL_Driver\\Src\\stm32f0xx_hal_rtc.c 0x00000000   Number         0  stm32f0xx_hal_rtc.o ABSOLUTE
    C:\\Users\\Illya Budko\\AppData\\Local\\Arm\\Packs\\Keil\\STM32F0xx_DFP\\2.1.0\\Drivers\\STM32F0xx_HAL_Driver\\Src\\stm32f0xx_hal_rtc_ex.c 0x00000000   Number         0  stm32f0xx_hal_rtc_ex.o ABSOLUTE
    C:\\Users\\Illya Budko\\AppData\\Local\\Arm\\Packs\\Keil\\STM32F0xx_DFP\\2.1.0\\Drivers\\STM32F0xx_HAL_Driver\\Src\\stm32f0xx_hal_smbus.c 0x00000000   Number         0  stm32f0xx_hal_smbus.o ABSOLUTE
    C:\\Users\\Illya Budko\\AppData\\Local\\Arm\\Packs\\Keil\\STM32F0xx_DFP\\2.1.0\\Drivers\\STM32F0xx_HAL_Driver\\Src\\stm32f0xx_hal_spi.c 0x00000000   Number         0  stm32f0xx_hal_spi.o ABSOLUTE
    C:\\Users\\Illya Budko\\AppData\\Local\\Arm\\Packs\\Keil\\STM32F0xx_DFP\\2.1.0\\Drivers\\STM32F0xx_HAL_Driver\\Src\\stm32f0xx_hal_spi_ex.c 0x00000000   Number         0  stm32f0xx_hal_spi_ex.o ABSOLUTE
    C:\\Users\\Illya Budko\\AppData\\Local\\Arm\\Packs\\Keil\\STM32F0xx_DFP\\2.1.0\\Drivers\\STM32F0xx_HAL_Driver\\Src\\stm32f0xx_hal_tim.c 0x00000000   Number         0  stm32f0xx_hal_tim.o ABSOLUTE
    C:\\Users\\Illya Budko\\AppData\\Local\\Arm\\Packs\\Keil\\STM32F0xx_DFP\\2.1.0\\Drivers\\STM32F0xx_HAL_Driver\\Src\\stm32f0xx_hal_tim_ex.c 0x00000000   Number         0  stm32f0xx_hal_tim_ex.o ABSOLUTE
    C:\\Users\\Illya Budko\\AppData\\Local\\Arm\\Packs\\Keil\\STM32F0xx_DFP\\2.1.0\\Drivers\\STM32F0xx_HAL_Driver\\Src\\stm32f0xx_hal_tsc.c 0x00000000   Number         0  stm32f0xx_hal_tsc.o ABSOLUTE
    C:\\Users\\Illya Budko\\AppData\\Local\\Arm\\Packs\\Keil\\STM32F0xx_DFP\\2.1.0\\Drivers\\STM32F0xx_HAL_Driver\\Src\\stm32f0xx_hal_uart.c 0x00000000   Number         0  stm32f0xx_hal_uart.o ABSOLUTE
    C:\\Users\\Illya Budko\\AppData\\Local\\Arm\\Packs\\Keil\\STM32F0xx_DFP\\2.1.0\\Drivers\\STM32F0xx_HAL_Driver\\Src\\stm32f0xx_hal_uart_ex.c 0x00000000   Number         0  stm32f0xx_hal_uart_ex.o ABSOLUTE
    C:\\Users\\Illya Budko\\AppData\\Local\\Arm\\Packs\\Keil\\STM32F0xx_DFP\\2.1.0\\Drivers\\STM32F0xx_HAL_Driver\\Src\\stm32f0xx_hal_usart.c 0x00000000   Number         0  stm32f0xx_hal_usart.o ABSOLUTE
    C:\\Users\\Illya Budko\\AppData\\Local\\Arm\\Packs\\Keil\\STM32F0xx_DFP\\2.1.0\\Drivers\\STM32F0xx_HAL_Driver\\Src\\stm32f0xx_hal_usart_ex.c 0x00000000   Number         0  stm32f0xx_hal_usart_ex.o ABSOLUTE
    C:\\Users\\Illya Budko\\AppData\\Local\\Arm\\Packs\\Keil\\STM32F0xx_DFP\\2.1.0\\Drivers\\STM32F0xx_HAL_Driver\\Src\\stm32f0xx_hal_wwdg.c 0x00000000   Number         0  stm32f0xx_hal_wwdg.o ABSOLUTE
    C:\\Users\\Illya Budko\\AppData\\Local\\Arm\\Packs\\Keil\\STM32F0xx_DFP\\2.1.0\\Drivers\\STM32F0xx_HAL_Driver\\Src\\stm32f0xx_ll_usb.c 0x00000000   Number         0  stm32f0xx_ll_usb.o ABSOLUTE
    C:\\Users\\Illya Budko\\AppData\\Local\\Arm\\Packs\\Keil\\STM32F0xx_DFP\\2.1.0\\Drivers\\STM32F0xx_HAL_Driver\\Src\\stm32f0xx_ll_utils.c 0x00000000   Number         0  stm32f0xx_ll_utils.o ABSOLUTE
    RTE\Device\STM32F030F4Px\STCubeGenerated\Src\main.c 0x00000000   Number         0  main.o ABSOLUTE
    RTE\Device\STM32F030F4Px\STCubeGenerated\Src\stm32f0xx_it.c 0x00000000   Number         0  stm32f0xx_it.o ABSOLUTE
    RTE\\Device\\STM32F030F4Px\\STCubeGenerated\\Src\\main.c 0x00000000   Number         0  main.o ABSOLUTE
    RTE\\Device\\STM32F030F4Px\\STCubeGenerated\\Src\\stm32f0xx_it.c 0x00000000   Number         0  stm32f0xx_it.o ABSOLUTE
    dc.s                                     0x00000000   Number         0  dc.o ABSOLUTE
    display.c                                0x00000000   Number         0  display.o ABSOLUTE
    display.c                                0x00000000   Number         0  display.o ABSOLUTE
    RESET                                    0x08000000   Section      176  startup_stm32f030x6.o(RESET)
    !!!main                                  0x080000b0   Section        8  __main.o(!!!main)
    !!!scatter                               0x080000b8   Section       60  __scatter.o(!!!scatter)
    !!handler_copy                           0x080000f4   Section       26  __scatter_copy.o(!!handler_copy)
    !!handler_zi                             0x08000110   Section       28  __scatter_zi.o(!!handler_zi)
    .ARM.Collect$$libinit$$00000000          0x0800012c   Section        2  libinit.o(.ARM.Collect$$libinit$$00000000)
    .ARM.Collect$$libinit$$00000002          0x0800012e   Section        0  libinit2.o(.ARM.Collect$$libinit$$00000002)
    .ARM.Collect$$libinit$$00000004          0x0800012e   Section        0  libinit2.o(.ARM.Collect$$libinit$$00000004)
    .ARM.Collect$$libinit$$0000000A          0x0800012e   Section        0  libinit2.o(.ARM.Collect$$libinit$$0000000A)
    .ARM.Collect$$libinit$$0000000C          0x0800012e   Section        0  libinit2.o(.ARM.Collect$$libinit$$0000000C)
    .ARM.Collect$$libinit$$0000000E          0x0800012e   Section        0  libinit2.o(.ARM.Collect$$libinit$$0000000E)
    .ARM.Collect$$libinit$$00000011          0x0800012e   Section        0  libinit2.o(.ARM.Collect$$libinit$$00000011)
    .ARM.Collect$$libinit$$00000013          0x0800012e   Section        0  libinit2.o(.ARM.Collect$$libinit$$00000013)
    .ARM.Collect$$libinit$$00000015          0x0800012e   Section        0  libinit2.o(.ARM.Collect$$libinit$$00000015)
    .ARM.Collect$$libinit$$00000017          0x0800012e   Section        0  libinit2.o(.ARM.Collect$$libinit$$00000017)
    .ARM.Collect$$libinit$$00000019          0x0800012e   Section        0  libinit2.o(.ARM.Collect$$libinit$$00000019)
    .ARM.Collect$$libinit$$0000001B          0x0800012e   Section        0  libinit2.o(.ARM.Collect$$libinit$$0000001B)
    .ARM.Collect$$libinit$$0000001D          0x0800012e   Section        0  libinit2.o(.ARM.Collect$$libinit$$0000001D)
    .ARM.Collect$$libinit$$0000001F          0x0800012e   Section        0  libinit2.o(.ARM.Collect$$libinit$$0000001F)
    .ARM.Collect$$libinit$$00000021          0x0800012e   Section        0  libinit2.o(.ARM.Collect$$libinit$$00000021)
    .ARM.Collect$$libinit$$00000023          0x0800012e   Section        0  libinit2.o(.ARM.Collect$$libinit$$00000023)
    .ARM.Collect$$libinit$$00000025          0x0800012e   Section        0  libinit2.o(.ARM.Collect$$libinit$$00000025)
    .ARM.Collect$$libinit$$0000002C          0x0800012e   Section        0  libinit2.o(.ARM.Collect$$libinit$$0000002C)
    .ARM.Collect$$libinit$$0000002E          0x0800012e   Section        0  libinit2.o(.ARM.Collect$$libinit$$0000002E)
    .ARM.Collect$$libinit$$00000030          0x0800012e   Section        0  libinit2.o(.ARM.Collect$$libinit$$00000030)
    .ARM.Collect$$libinit$$00000032          0x0800012e   Section        0  libinit2.o(.ARM.Collect$$libinit$$00000032)
    .ARM.Collect$$libinit$$00000033          0x0800012e   Section        2  libinit2.o(.ARM.Collect$$libinit$$00000033)
    .ARM.Collect$$libshutdown$$00000000      0x08000130   Section        2  libshutdown.o(.ARM.Collect$$libshutdown$$00000000)
    .ARM.Collect$$libshutdown$$00000002      0x08000132   Section        0  libshutdown2.o(.ARM.Collect$$libshutdown$$00000002)
    .ARM.Collect$$libshutdown$$00000004      0x08000132   Section        0  libshutdown2.o(.ARM.Collect$$libshutdown$$00000004)
    .ARM.Collect$$libshutdown$$00000007      0x08000132   Section        0  libshutdown2.o(.ARM.Collect$$libshutdown$$00000007)
    .ARM.Collect$$libshutdown$$0000000A      0x08000132   Section        0  libshutdown2.o(.ARM.Collect$$libshutdown$$0000000A)
    .ARM.Collect$$libshutdown$$0000000C      0x08000132   Section        0  libshutdown2.o(.ARM.Collect$$libshutdown$$0000000C)
    .ARM.Collect$$libshutdown$$0000000F      0x08000132   Section        0  libshutdown2.o(.ARM.Collect$$libshutdown$$0000000F)
    .ARM.Collect$$libshutdown$$00000010      0x08000132   Section        2  libshutdown2.o(.ARM.Collect$$libshutdown$$00000010)
    .ARM.Collect$$rtentry$$00000000          0x08000134   Section        0  __rtentry.o(.ARM.Collect$$rtentry$$00000000)
    .ARM.Collect$$rtentry$$00000002          0x08000134   Section        0  __rtentry2.o(.ARM.Collect$$rtentry$$00000002)
    .ARM.Collect$$rtentry$$00000004          0x08000134   Section        6  __rtentry4.o(.ARM.Collect$$rtentry$$00000004)
    .ARM.Collect$$rtentry$$00000009          0x0800013a   Section        0  __rtentry2.o(.ARM.Collect$$rtentry$$00000009)
    .ARM.Collect$$rtentry$$0000000A          0x0800013a   Section        4  __rtentry2.o(.ARM.Collect$$rtentry$$0000000A)
    .ARM.Collect$$rtentry$$0000000C          0x0800013e   Section        0  __rtentry2.o(.ARM.Collect$$rtentry$$0000000C)
    .ARM.Collect$$rtentry$$0000000D          0x0800013e   Section        8  __rtentry2.o(.ARM.Collect$$rtentry$$0000000D)
    .ARM.Collect$$rtexit$$00000000           0x08000146   Section        2  rtexit.o(.ARM.Collect$$rtexit$$00000000)
    .ARM.Collect$$rtexit$$00000002           0x08000148   Section        0  rtexit2.o(.ARM.Collect$$rtexit$$00000002)
    .ARM.Collect$$rtexit$$00000003           0x08000148   Section        4  rtexit2.o(.ARM.Collect$$rtexit$$00000003)
    .ARM.Collect$$rtexit$$00000004           0x0800014c   Section        6  rtexit2.o(.ARM.Collect$$rtexit$$00000004)
    .text                                    0x08000154   Section       56  startup_stm32f030x6.o(.text)
    .text                                    0x0800018c   Section        0  lludiv.o(.text)
    .text                                    0x0800028e   Section        0  rt_memclr.o(.text)
    .text                                    0x080002ce   Section      346  aeabi_sdiv.o(.text)
    .text                                    0x08000428   Section        0  heapauxi.o(.text)
    .text                                    0x0800042e   Section       62  sys_stackheap_outer.o(.text)
    .text                                    0x0800046c   Section        0  exit.o(.text)
    .text                                    0x0800047c   Section        8  libspace.o(.text)
    .text                                    0x08000484   Section        0  sys_exit.o(.text)
    .text                                    0x08000490   Section        2  use_no_semi.o(.text)
    .text                                    0x08000492   Section        0  indicate_semi.o(.text)
    i.Error_Handler                          0x08000492   Section        0  main.o(i.Error_Handler)
    i.HAL_Delay                              0x08000498   Section        0  stm32f0xx_hal.o(i.HAL_Delay)
    i.HAL_GPIO_Init                          0x080004c4   Section        0  stm32f0xx_hal_gpio.o(i.HAL_GPIO_Init)
    i.HAL_GPIO_ReadPin                       0x080006ac   Section        0  stm32f0xx_hal_gpio.o(i.HAL_GPIO_ReadPin)
    i.HAL_GPIO_WritePin                      0x080006be   Section        0  stm32f0xx_hal_gpio.o(i.HAL_GPIO_WritePin)
    i.HAL_GetTick                            0x080006cc   Section        0  stm32f0xx_hal.o(i.HAL_GetTick)
    i.HAL_IncTick                            0x080006d8   Section        0  stm32f0xx_hal.o(i.HAL_IncTick)
    i.HAL_Init                               0x080006f0   Section        0  stm32f0xx_hal.o(i.HAL_Init)
    i.HAL_InitTick                           0x08000710   Section        0  stm32f0xx_hal.o(i.HAL_InitTick)
    i.HAL_MspInit                            0x08000764   Section        0  stm32f0xx_hal_msp.o(i.HAL_MspInit)
    i.HAL_NVIC_EnableIRQ                     0x080007a4   Section        0  stm32f0xx_hal_cortex.o(i.HAL_NVIC_EnableIRQ)
    i.HAL_NVIC_SetPriority                   0x080007c8   Section        0  stm32f0xx_hal_cortex.o(i.HAL_NVIC_SetPriority)
    i.HAL_RCCEx_PeriphCLKConfig              0x080007dc   Section        0  stm32f0xx_hal_rcc_ex.o(i.HAL_RCCEx_PeriphCLKConfig)
    i.HAL_RCC_ClockConfig                    0x0800092c   Section        0  stm32f0xx_hal_rcc.o(i.HAL_RCC_ClockConfig)
    i.HAL_RCC_GetSysClockFreq                0x08000a98   Section        0  stm32f0xx_hal_rcc.o(i.HAL_RCC_GetSysClockFreq)
    i.HAL_RCC_OscConfig                      0x08000b68   Section        0  stm32f0xx_hal_rcc.o(i.HAL_RCC_OscConfig)
    i.HAL_SYSTICK_Config                     0x080010f4   Section        0  stm32f0xx_hal_cortex.o(i.HAL_SYSTICK_Config)
    i.HAL_TIMEx_BreakCallback                0x0800112c   Section        0  stm32f0xx_hal_tim_ex.o(i.HAL_TIMEx_BreakCallback)
    i.HAL_TIMEx_CommutCallback               0x0800112e   Section        0  stm32f0xx_hal_tim_ex.o(i.HAL_TIMEx_CommutCallback)
    i.HAL_TIM_Base_Init                      0x08001130   Section        0  stm32f0xx_hal_tim.o(i.HAL_TIM_Base_Init)
    i.HAL_TIM_Base_MspInit                   0x08001168   Section        0  stm32f0xx_hal_msp.o(i.HAL_TIM_Base_MspInit)
    i.HAL_TIM_IC_CaptureCallback             0x080011ac   Section        0  stm32f0xx_hal_tim.o(i.HAL_TIM_IC_CaptureCallback)
    i.HAL_TIM_IRQHandler                     0x080011ae   Section        0  stm32f0xx_hal_tim.o(i.HAL_TIM_IRQHandler)
    i.HAL_TIM_MspPostInit                    0x08001378   Section        0  stm32f0xx_hal_msp.o(i.HAL_TIM_MspPostInit)
    i.HAL_TIM_OC_DelayElapsedCallback        0x080013d4   Section        0  stm32f0xx_hal_tim.o(i.HAL_TIM_OC_DelayElapsedCallback)
    i.HAL_TIM_PWM_ConfigChannel              0x080013d6   Section        0  stm32f0xx_hal_tim.o(i.HAL_TIM_PWM_ConfigChannel)
    i.HAL_TIM_PWM_Init                       0x080014e8   Section        0  stm32f0xx_hal_tim.o(i.HAL_TIM_PWM_Init)
    i.HAL_TIM_PWM_MspInit                    0x08001520   Section        0  stm32f0xx_hal_tim.o(i.HAL_TIM_PWM_MspInit)
    i.HAL_TIM_PWM_PulseFinishedCallback      0x08001522   Section        0  stm32f0xx_hal_tim.o(i.HAL_TIM_PWM_PulseFinishedCallback)
    i.HAL_TIM_PWM_Start                      0x08001524   Section        0  stm32f0xx_hal_tim.o(i.HAL_TIM_PWM_Start)
    i.HAL_TIM_PWM_Start_IT                   0x0800158c   Section        0  stm32f0xx_hal_tim.o(i.HAL_TIM_PWM_Start_IT)
    i.HAL_TIM_PeriodElapsedCallback          0x08001644   Section        0  stm32f0xx_hal_tim.o(i.HAL_TIM_PeriodElapsedCallback)
    i.HAL_TIM_TriggerCallback                0x08001646   Section        0  stm32f0xx_hal_tim.o(i.HAL_TIM_TriggerCallback)
    i.HardFault_Handler                      0x08001648   Section        0  stm32f0xx_it.o(i.HardFault_Handler)
    i.MX_GPIO_Init                           0x0800164c   Section        0  main.o(i.MX_GPIO_Init)
    MX_GPIO_Init                             0x0800164d   Thumb Code   176  main.o(i.MX_GPIO_Init)
    i.MX_TIM14_Init                          0x08001704   Section        0  main.o(i.MX_TIM14_Init)
    MX_TIM14_Init                            0x08001705   Thumb Code   104  main.o(i.MX_TIM14_Init)
    i.NMI_Handler                            0x0800177c   Section        0  stm32f0xx_it.o(i.NMI_Handler)
    i.PendSV_Handler                         0x08001780   Section        0  stm32f0xx_it.o(i.PendSV_Handler)
    i.SVC_Handler                            0x08001782   Section        0  stm32f0xx_it.o(i.SVC_Handler)
    i.SysTick_Handler                        0x08001784   Section        0  stm32f0xx_it.o(i.SysTick_Handler)
    i.SystemClock_Config                     0x080017bc   Section        0  main.o(i.SystemClock_Config)
    i.SystemInit                             0x08001830   Section        0  system_stm32f0xx.o(i.SystemInit)
    i.TIM14_IRQHandler                       0x08001834   Section        0  stm32f0xx_it.o(i.TIM14_IRQHandler)
    i.TIM_Base_SetConfig                     0x08001844   Section        0  stm32f0xx_hal_tim.o(i.TIM_Base_SetConfig)
    i.TIM_CCxChannelCmd                      0x080018d4   Section        0  stm32f0xx_hal_tim.o(i.TIM_CCxChannelCmd)
    i.TIM_OC1_SetConfig                      0x080018f8   Section        0  stm32f0xx_hal_tim.o(i.TIM_OC1_SetConfig)
    TIM_OC1_SetConfig                        0x080018f9   Thumb Code   144  stm32f0xx_hal_tim.o(i.TIM_OC1_SetConfig)
    i.TIM_OC2_SetConfig                      0x08001994   Section        0  stm32f0xx_hal_tim.o(i.TIM_OC2_SetConfig)
    i.TIM_OC3_SetConfig                      0x08001a44   Section        0  stm32f0xx_hal_tim.o(i.TIM_OC3_SetConfig)
    TIM_OC3_SetConfig                        0x08001a45   Thumb Code   158  stm32f0xx_hal_tim.o(i.TIM_OC3_SetConfig)
    i.TIM_OC4_SetConfig                      0x08001af0   Section        0  stm32f0xx_hal_tim.o(i.TIM_OC4_SetConfig)
    TIM_OC4_SetConfig                        0x08001af1   Thumb Code   106  stm32f0xx_hal_tim.o(i.TIM_OC4_SetConfig)
    i.__ARM_common_ll_muluu                  0x08001b68   Section        0  stm32f0xx_hal_rcc.o(i.__ARM_common_ll_muluu)
    i.__NVIC_SetPriority                     0x08001b98   Section        0  stm32f0xx_hal_cortex.o(i.__NVIC_SetPriority)
    __NVIC_SetPriority                       0x08001b99   Thumb Code   110  stm32f0xx_hal_cortex.o(i.__NVIC_SetPriority)
    i.choose_anode                           0x08001c10   Section        0  display.o(i.choose_anode)
    i.is_button_down                         0x08001c78   Section        0  debounce.o(i.is_button_down)
    i.is_button_up                           0x08001c88   Section        0  debounce.o(i.is_button_up)
    i.main                                   0x08001c9c   Section        0  main.o(i.main)
    i.read_button                            0x08001e2c   Section        0  debounce.o(i.read_button)
    i.set_digits                             0x08001e3c   Section        0  main.o(i.set_digits)
    i.update_button                          0x08001e58   Section        0  debounce.o(i.update_button)
    i.write_digit                            0x08001e76   Section        0  display.o(i.write_digit)
    i.write_display                          0x08001ebc   Section        0  display.o(i.write_display)
    .constdata                               0x08001efc   Section       24  system_stm32f0xx.o(.constdata)
    .data                                    0x20000000   Section       78  main.o(.data)
    .data                                    0x20000050   Section        4  system_stm32f0xx.o(.data)
    .data                                    0x20000054   Section        9  stm32f0xx_hal.o(.data)
    .bss                                     0x20000060   Section       64  main.o(.bss)
    .bss                                     0x200000a0   Section       96  libspace.o(.bss)
    HEAP                                     0x20000100   Section      512  startup_stm32f030x6.o(HEAP)
    Heap_Mem                                 0x20000100   Data         512  startup_stm32f030x6.o(HEAP)
    STACK                                    0x20000300   Section     1024  startup_stm32f030x6.o(STACK)
    Stack_Mem                                0x20000300   Data        1024  startup_stm32f030x6.o(STACK)
    __initial_sp                             0x20000700   Data           0  startup_stm32f030x6.o(STACK)

    Global Symbols

    Symbol Name                              Value     Ov Type        Size  Object(Section)

    BuildAttributes$$THM_ISAv3M$S$PE$A:L22$X:L11$S22$IEEE1$IW$USESV6$~STKCKD$USESV7$~SHL$OSPACE$ROPI$EBA8$UX$STANDARDLIB$REQ8$PRES8$EABIv2 0x00000000   Number         0  anon$$obj.o ABSOLUTE
    __ARM_use_no_argv                        0x00000000   Number         0  main.o ABSOLUTE
    __ARM_exceptions_init                     - Undefined Weak Reference
    __alloca_initialize                       - Undefined Weak Reference
    __arm_preinit_                            - Undefined Weak Reference
    __cpp_initialize__aeabi_                  - Undefined Weak Reference
    __cxa_finalize                            - Undefined Weak Reference
    __rt_locale                               - Undefined Weak Reference
    __sigvec_lookup                           - Undefined Weak Reference
    _atexit_init                              - Undefined Weak Reference
    _call_atexit_fns                          - Undefined Weak Reference
    _clock_init                               - Undefined Weak Reference
    _fp_trap_init                             - Undefined Weak Reference
    _fp_trap_shutdown                         - Undefined Weak Reference
    _get_lc_collate                           - Undefined Weak Reference
    _get_lc_ctype                             - Undefined Weak Reference
    _get_lc_monetary                          - Undefined Weak Reference
    _get_lc_numeric                           - Undefined Weak Reference
    _get_lc_time                              - Undefined Weak Reference
    _getenv_init                              - Undefined Weak Reference
    _handle_redirection                       - Undefined Weak Reference
    _init_alloc                               - Undefined Weak Reference
    _init_user_alloc                          - Undefined Weak Reference
    _initio                                   - Undefined Weak Reference
    _rand_init                                - Undefined Weak Reference
    _signal_finish                            - Undefined Weak Reference
    _signal_init                              - Undefined Weak Reference
    _terminate_alloc                          - Undefined Weak Reference
    _terminate_user_alloc                     - Undefined Weak Reference
    _terminateio                              - Undefined Weak Reference
    __Vectors_Size                           0x000000b0   Number         0  startup_stm32f030x6.o ABSOLUTE
    __Vectors                                0x08000000   Data           4  startup_stm32f030x6.o(RESET)
    __Vectors_End                            0x080000b0   Data           0  startup_stm32f030x6.o(RESET)
    __main                                   0x080000b1   Thumb Code     8  __main.o(!!!main)
    __scatterload                            0x080000b9   Thumb Code     0  __scatter.o(!!!scatter)
    __scatterload_rt2                        0x080000b9   Thumb Code    52  __scatter.o(!!!scatter)
    __scatterload_rt2_thumb_only             0x080000b9   Thumb Code     0  __scatter.o(!!!scatter)
    __scatterload_null                       0x080000c9   Thumb Code     0  __scatter.o(!!!scatter)
    __scatterload_copy                       0x080000f5   Thumb Code    26  __scatter_copy.o(!!handler_copy)
    __scatterload_zeroinit                   0x08000111   Thumb Code    28  __scatter_zi.o(!!handler_zi)
    __rt_lib_init                            0x0800012d   Thumb Code     0  libinit.o(.ARM.Collect$$libinit$$00000000)
    __rt_lib_init_alloca_1                   0x0800012f   Thumb Code     0  libinit2.o(.ARM.Collect$$libinit$$0000002E)
    __rt_lib_init_argv_1                     0x0800012f   Thumb Code     0  libinit2.o(.ARM.Collect$$libinit$$0000002C)
    __rt_lib_init_atexit_1                   0x0800012f   Thumb Code     0  libinit2.o(.ARM.Collect$$libinit$$0000001B)
    __rt_lib_init_clock_1                    0x0800012f   Thumb Code     0  libinit2.o(.ARM.Collect$$libinit$$00000021)
    __rt_lib_init_cpp_1                      0x0800012f   Thumb Code     0  libinit2.o(.ARM.Collect$$libinit$$00000032)
    __rt_lib_init_exceptions_1               0x0800012f   Thumb Code     0  libinit2.o(.ARM.Collect$$libinit$$00000030)
    __rt_lib_init_fp_1                       0x0800012f   Thumb Code     0  libinit2.o(.ARM.Collect$$libinit$$00000002)
    __rt_lib_init_fp_trap_1                  0x0800012f   Thumb Code     0  libinit2.o(.ARM.Collect$$libinit$$0000001F)
    __rt_lib_init_getenv_1                   0x0800012f   Thumb Code     0  libinit2.o(.ARM.Collect$$libinit$$00000023)
    __rt_lib_init_heap_1                     0x0800012f   Thumb Code     0  libinit2.o(.ARM.Collect$$libinit$$0000000A)
    __rt_lib_init_lc_collate_1               0x0800012f   Thumb Code     0  libinit2.o(.ARM.Collect$$libinit$$00000011)
    __rt_lib_init_lc_ctype_1                 0x0800012f   Thumb Code     0  libinit2.o(.ARM.Collect$$libinit$$00000013)
    __rt_lib_init_lc_monetary_1              0x0800012f   Thumb Code     0  libinit2.o(.ARM.Collect$$libinit$$00000015)
    __rt_lib_init_lc_numeric_1               0x0800012f   Thumb Code     0  libinit2.o(.ARM.Collect$$libinit$$00000017)
    __rt_lib_init_lc_time_1                  0x0800012f   Thumb Code     0  libinit2.o(.ARM.Collect$$libinit$$00000019)
    __rt_lib_init_preinit_1                  0x0800012f   Thumb Code     0  libinit2.o(.ARM.Collect$$libinit$$00000004)
    __rt_lib_init_rand_1                     0x0800012f   Thumb Code     0  libinit2.o(.ARM.Collect$$libinit$$0000000E)
    __rt_lib_init_return                     0x0800012f   Thumb Code     0  libinit2.o(.ARM.Collect$$libinit$$00000033)
    __rt_lib_init_signal_1                   0x0800012f   Thumb Code     0  libinit2.o(.ARM.Collect$$libinit$$0000001D)
    __rt_lib_init_stdio_1                    0x0800012f   Thumb Code     0  libinit2.o(.ARM.Collect$$libinit$$00000025)
    __rt_lib_init_user_alloc_1               0x0800012f   Thumb Code     0  libinit2.o(.ARM.Collect$$libinit$$0000000C)
    __rt_lib_shutdown                        0x08000131   Thumb Code     0  libshutdown.o(.ARM.Collect$$libshutdown$$00000000)
    __rt_lib_shutdown_cpp_1                  0x08000133   Thumb Code     0  libshutdown2.o(.ARM.Collect$$libshutdown$$00000002)
    __rt_lib_shutdown_fp_trap_1              0x08000133   Thumb Code     0  libshutdown2.o(.ARM.Collect$$libshutdown$$00000007)
    __rt_lib_shutdown_heap_1                 0x08000133   Thumb Code     0  libshutdown2.o(.ARM.Collect$$libshutdown$$0000000F)
    __rt_lib_shutdown_return                 0x08000133   Thumb Code     0  libshutdown2.o(.ARM.Collect$$libshutdown$$00000010)
    __rt_lib_shutdown_signal_1               0x08000133   Thumb Code     0  libshutdown2.o(.ARM.Collect$$libshutdown$$0000000A)
    __rt_lib_shutdown_stdio_1                0x08000133   Thumb Code     0  libshutdown2.o(.ARM.Collect$$libshutdown$$00000004)
    __rt_lib_shutdown_user_alloc_1           0x08000133   Thumb Code     0  libshutdown2.o(.ARM.Collect$$libshutdown$$0000000C)
    __rt_entry                               0x08000135   Thumb Code     0  __rtentry.o(.ARM.Collect$$rtentry$$00000000)
    __rt_entry_presh_1                       0x08000135   Thumb Code     0  __rtentry2.o(.ARM.Collect$$rtentry$$00000002)
    __rt_entry_sh                            0x08000135   Thumb Code     0  __rtentry4.o(.ARM.Collect$$rtentry$$00000004)
    __rt_entry_li                            0x0800013b   Thumb Code     0  __rtentry2.o(.ARM.Collect$$rtentry$$0000000A)
    __rt_entry_postsh_1                      0x0800013b   Thumb Code     0  __rtentry2.o(.ARM.Collect$$rtentry$$00000009)
    __rt_entry_main                          0x0800013f   Thumb Code     0  __rtentry2.o(.ARM.Collect$$rtentry$$0000000D)
    __rt_entry_postli_1                      0x0800013f   Thumb Code     0  __rtentry2.o(.ARM.Collect$$rtentry$$0000000C)
    __rt_exit                                0x08000147   Thumb Code     0  rtexit.o(.ARM.Collect$$rtexit$$00000000)
    __rt_exit_ls                             0x08000149   Thumb Code     0  rtexit2.o(.ARM.Collect$$rtexit$$00000003)
    __rt_exit_prels_1                        0x08000149   Thumb Code     0  rtexit2.o(.ARM.Collect$$rtexit$$00000002)
    __rt_exit_exit                           0x0800014d   Thumb Code     0  rtexit2.o(.ARM.Collect$$rtexit$$00000004)
    Reset_Handler                            0x08000155   Thumb Code     8  startup_stm32f030x6.o(.text)
    ADC1_IRQHandler                          0x08000167   Thumb Code     0  startup_stm32f030x6.o(.text)
    DMA1_Channel1_IRQHandler                 0x08000167   Thumb Code     0  startup_stm32f030x6.o(.text)
    DMA1_Channel2_3_IRQHandler               0x08000167   Thumb Code     0  startup_stm32f030x6.o(.text)
    DMA1_Channel4_5_IRQHandler               0x08000167   Thumb Code     0  startup_stm32f030x6.o(.text)
    EXTI0_1_IRQHandler                       0x08000167   Thumb Code     0  startup_stm32f030x6.o(.text)
    EXTI2_3_IRQHandler                       0x08000167   Thumb Code     0  startup_stm32f030x6.o(.text)
    EXTI4_15_IRQHandler                      0x08000167   Thumb Code     0  startup_stm32f030x6.o(.text)
    FLASH_IRQHandler                         0x08000167   Thumb Code     0  startup_stm32f030x6.o(.text)
    I2C1_IRQHandler                          0x08000167   Thumb Code     0  startup_stm32f030x6.o(.text)
    RCC_IRQHandler                           0x08000167   Thumb Code     0  startup_stm32f030x6.o(.text)
    RTC_IRQHandler                           0x08000167   Thumb Code     0  startup_stm32f030x6.o(.text)
    SPI1_IRQHandler                          0x08000167   Thumb Code     0  startup_stm32f030x6.o(.text)
    TIM16_IRQHandler                         0x08000167   Thumb Code     0  startup_stm32f030x6.o(.text)
    TIM17_IRQHandler                         0x08000167   Thumb Code     0  startup_stm32f030x6.o(.text)
    TIM1_BRK_UP_TRG_COM_IRQHandler           0x08000167   Thumb Code     0  startup_stm32f030x6.o(.text)
    TIM1_CC_IRQHandler                       0x08000167   Thumb Code     0  startup_stm32f030x6.o(.text)
    TIM3_IRQHandler                          0x08000167   Thumb Code     0  startup_stm32f030x6.o(.text)
    USART1_IRQHandler                        0x08000167   Thumb Code     0  startup_stm32f030x6.o(.text)
    WWDG_IRQHandler                          0x08000167   Thumb Code     0  startup_stm32f030x6.o(.text)
    __user_initial_stackheap                 0x08000169   Thumb Code     0  startup_stm32f030x6.o(.text)
    __aeabi_uldivmod                         0x0800018d   Thumb Code   258  lludiv.o(.text)
    _ll_udiv                                 0x0800018d   Thumb Code     0  lludiv.o(.text)
    _memset_w                                0x0800028f   Thumb Code    26  rt_memclr.o(.text)
    _memset                                  0x080002a9   Thumb Code    30  rt_memclr.o(.text)
    __aeabi_memclr                           0x080002c7   Thumb Code     4  rt_memclr.o(.text)
    __rt_memclr                              0x080002c7   Thumb Code     0  rt_memclr.o(.text)
    __aeabi_memclr4                          0x080002cb   Thumb Code     0  rt_memclr.o(.text)
    __aeabi_memclr8                          0x080002cb   Thumb Code     0  rt_memclr.o(.text)
    __rt_memclr_w                            0x080002cb   Thumb Code     4  rt_memclr.o(.text)
    __aeabi_uidiv                            0x080002cf   Thumb Code     0  aeabi_sdiv.o(.text)
    __aeabi_uidivmod                         0x080002cf   Thumb Code    20  aeabi_sdiv.o(.text)
    __aeabi_idiv                             0x080002e3   Thumb Code     0  aeabi_sdiv.o(.text)
    __aeabi_idivmod                          0x080002e3   Thumb Code   326  aeabi_sdiv.o(.text)
    __use_two_region_memory                  0x08000429   Thumb Code     2  heapauxi.o(.text)
    __rt_heap_escrow$2region                 0x0800042b   Thumb Code     2  heapauxi.o(.text)
    __rt_heap_expand$2region                 0x0800042d   Thumb Code     2  heapauxi.o(.text)
    __user_setup_stackheap                   0x0800042f   Thumb Code    62  sys_stackheap_outer.o(.text)
    exit                                     0x0800046d   Thumb Code    16  exit.o(.text)
    __user_libspace                          0x0800047d   Thumb Code     8  libspace.o(.text)
    __user_perproc_libspace                  0x0800047d   Thumb Code     0  libspace.o(.text)
    __user_perthread_libspace                0x0800047d   Thumb Code     0  libspace.o(.text)
    _sys_exit                                0x08000485   Thumb Code     8  sys_exit.o(.text)
    __I$use$semihosting                      0x08000491   Thumb Code     0  use_no_semi.o(.text)
    __use_no_semihosting_swi                 0x08000491   Thumb Code     2  use_no_semi.o(.text)
    Error_Handler                            0x08000493   Thumb Code     6  main.o(i.Error_Handler)
    __semihosting_library_function           0x08000493   Thumb Code     0  indicate_semi.o(.text)
    HAL_Delay                                0x08000499   Thumb Code    38  stm32f0xx_hal.o(i.HAL_Delay)
    HAL_GPIO_Init                            0x080004c5   Thumb Code   464  stm32f0xx_hal_gpio.o(i.HAL_GPIO_Init)
    HAL_GPIO_ReadPin                         0x080006ad   Thumb Code    18  stm32f0xx_hal_gpio.o(i.HAL_GPIO_ReadPin)
    HAL_GPIO_WritePin                        0x080006bf   Thumb Code    12  stm32f0xx_hal_gpio.o(i.HAL_GPIO_WritePin)
    HAL_GetTick                              0x080006cd   Thumb Code     6  stm32f0xx_hal.o(i.HAL_GetTick)
    HAL_IncTick                              0x080006d9   Thumb Code    16  stm32f0xx_hal.o(i.HAL_IncTick)
    HAL_Init                                 0x080006f1   Thumb Code    28  stm32f0xx_hal.o(i.HAL_Init)
    HAL_InitTick                             0x08000711   Thumb Code    70  stm32f0xx_hal.o(i.HAL_InitTick)
    HAL_MspInit                              0x08000765   Thumb Code    60  stm32f0xx_hal_msp.o(i.HAL_MspInit)
    HAL_NVIC_EnableIRQ                       0x080007a5   Thumb Code    30  stm32f0xx_hal_cortex.o(i.HAL_NVIC_EnableIRQ)
    HAL_NVIC_SetPriority                     0x080007c9   Thumb Code    18  stm32f0xx_hal_cortex.o(i.HAL_NVIC_SetPriority)
    HAL_RCCEx_PeriphCLKConfig                0x080007dd   Thumb Code   322  stm32f0xx_hal_rcc_ex.o(i.HAL_RCCEx_PeriphCLKConfig)
    HAL_RCC_ClockConfig                      0x0800092d   Thumb Code   342  stm32f0xx_hal_rcc.o(i.HAL_RCC_ClockConfig)
    HAL_RCC_GetSysClockFreq                  0x08000a99   Thumb Code   162  stm32f0xx_hal_rcc.o(i.HAL_RCC_GetSysClockFreq)
    HAL_RCC_OscConfig                        0x08000b69   Thumb Code  1416  stm32f0xx_hal_rcc.o(i.HAL_RCC_OscConfig)
    HAL_SYSTICK_Config                       0x080010f5   Thumb Code    46  stm32f0xx_hal_cortex.o(i.HAL_SYSTICK_Config)
    HAL_TIMEx_BreakCallback                  0x0800112d   Thumb Code     2  stm32f0xx_hal_tim_ex.o(i.HAL_TIMEx_BreakCallback)
    HAL_TIMEx_CommutCallback                 0x0800112f   Thumb Code     2  stm32f0xx_hal_tim_ex.o(i.HAL_TIMEx_CommutCallback)
    HAL_TIM_Base_Init                        0x08001131   Thumb Code    56  stm32f0xx_hal_tim.o(i.HAL_TIM_Base_Init)
    HAL_TIM_Base_MspInit                     0x08001169   Thumb Code    58  stm32f0xx_hal_msp.o(i.HAL_TIM_Base_MspInit)
    HAL_TIM_IC_CaptureCallback               0x080011ad   Thumb Code     2  stm32f0xx_hal_tim.o(i.HAL_TIM_IC_CaptureCallback)
    HAL_TIM_IRQHandler                       0x080011af   Thumb Code   456  stm32f0xx_hal_tim.o(i.HAL_TIM_IRQHandler)
    HAL_TIM_MspPostInit                      0x08001379   Thumb Code    84  stm32f0xx_hal_msp.o(i.HAL_TIM_MspPostInit)
    HAL_TIM_OC_DelayElapsedCallback          0x080013d5   Thumb Code     2  stm32f0xx_hal_tim.o(i.HAL_TIM_OC_DelayElapsedCallback)
    HAL_TIM_PWM_ConfigChannel                0x080013d7   Thumb Code   274  stm32f0xx_hal_tim.o(i.HAL_TIM_PWM_ConfigChannel)
    HAL_TIM_PWM_Init                         0x080014e9   Thumb Code    56  stm32f0xx_hal_tim.o(i.HAL_TIM_PWM_Init)
    HAL_TIM_PWM_MspInit                      0x08001521   Thumb Code     2  stm32f0xx_hal_tim.o(i.HAL_TIM_PWM_MspInit)
    HAL_TIM_PWM_PulseFinishedCallback        0x08001523   Thumb Code     2  stm32f0xx_hal_tim.o(i.HAL_TIM_PWM_PulseFinishedCallback)
    HAL_TIM_PWM_Start                        0x08001525   Thumb Code    92  stm32f0xx_hal_tim.o(i.HAL_TIM_PWM_Start)
    HAL_TIM_PWM_Start_IT                     0x0800158d   Thumb Code   170  stm32f0xx_hal_tim.o(i.HAL_TIM_PWM_Start_IT)
    HAL_TIM_PeriodElapsedCallback            0x08001645   Thumb Code     2  stm32f0xx_hal_tim.o(i.HAL_TIM_PeriodElapsedCallback)
    HAL_TIM_TriggerCallback                  0x08001647   Thumb Code     2  stm32f0xx_hal_tim.o(i.HAL_TIM_TriggerCallback)
    HardFault_Handler                        0x08001649   Thumb Code     4  stm32f0xx_it.o(i.HardFault_Handler)
    NMI_Handler                              0x0800177d   Thumb Code     4  stm32f0xx_it.o(i.NMI_Handler)
    PendSV_Handler                           0x08001781   Thumb Code     2  stm32f0xx_it.o(i.PendSV_Handler)
    SVC_Handler                              0x08001783   Thumb Code     2  stm32f0xx_it.o(i.SVC_Handler)
    SysTick_Handler                          0x08001785   Thumb Code    44  stm32f0xx_it.o(i.SysTick_Handler)
    SystemClock_Config                       0x080017bd   Thumb Code   116  main.o(i.SystemClock_Config)
    SystemInit                               0x08001831   Thumb Code     2  system_stm32f0xx.o(i.SystemInit)
    TIM14_IRQHandler                         0x08001835   Thumb Code    10  stm32f0xx_it.o(i.TIM14_IRQHandler)
    TIM_Base_SetConfig                       0x08001845   Thumb Code   122  stm32f0xx_hal_tim.o(i.TIM_Base_SetConfig)
    TIM_CCxChannelCmd                        0x080018d5   Thumb Code    34  stm32f0xx_hal_tim.o(i.TIM_CCxChannelCmd)
    TIM_OC2_SetConfig                        0x08001995   Thumb Code   162  stm32f0xx_hal_tim.o(i.TIM_OC2_SetConfig)
    __ARM_common_ll_muluu                    0x08001b69   Thumb Code    48  stm32f0xx_hal_rcc.o(i.__ARM_common_ll_muluu)
    choose_anode                             0x08001c11   Thumb Code   100  display.o(i.choose_anode)
    is_button_down                           0x08001c79   Thumb Code    16  debounce.o(i.is_button_down)
    is_button_up                             0x08001c89   Thumb Code    18  debounce.o(i.is_button_up)
    main                                     0x08001c9d   Thumb Code   378  main.o(i.main)
    read_button                              0x08001e2d   Thumb Code    16  debounce.o(i.read_button)
    set_digits                               0x08001e3d   Thumb Code    20  main.o(i.set_digits)
    update_button                            0x08001e59   Thumb Code    30  debounce.o(i.update_button)
    write_digit                              0x08001e77   Thumb Code    70  display.o(i.write_digit)
    write_display                            0x08001ebd   Thumb Code    64  display.o(i.write_display)
    AHBPrescTable                            0x08001efc   Data          16  system_stm32f0xx.o(.constdata)
    APBPrescTable                            0x08001f0c   Data           8  system_stm32f0xx.o(.constdata)
    Region$$Table$$Base                      0x08001f14   Number         0  anon$$obj.o(Region$$Table)
    Region$$Table$$Limit                     0x08001f34   Number         0  anon$$obj.o(Region$$Table)
    up_button_history                        0x20000000   Data           4  main.o(.data)
    down_button_history                      0x20000004   Data           4  main.o(.data)
    set_button_history                       0x20000008   Data           4  main.o(.data)
    pulse_val_arr                            0x2000000c   Data          44  main.o(.data)
    tens_arr                                 0x20000038   Data          11  main.o(.data)
    hund_arr                                 0x20000043   Data          11  main.o(.data)
    SystemCoreClock                          0x20000050   Data           4  system_stm32f0xx.o(.data)
    uwTick                                   0x20000054   Data           4  stm32f0xx_hal.o(.data)
    uwTickPrio                               0x20000058   Data           4  stm32f0xx_hal.o(.data)
    uwTickFreq                               0x2000005c   Data           1  stm32f0xx_hal.o(.data)
    htim14                                   0x20000060   Data          64  main.o(.bss)
    __libspace_start                         0x200000a0   Data          96  libspace.o(.bss)
    __temporary_stack_top$libspace           0x20000100   Data           0  libspace.o(.bss)



==============================================================================

Memory Map of the image

  Image Entry point : 0x08000155

  Load Region LR_1 (Base: 0x08000000, Size: 0x00001f94, Max: 0xffffffff, ABSOLUTE)

    Execution Region ER_RO (Exec base: 0x08000000, Load base: 0x08000000, Size: 0x00001f34, Max: 0xffffffff, ABSOLUTE)

    Exec Addr    Load Addr    Size         Type   Attr      Idx    E Section Name        Object

    0x08000000   0x08000000   0x000000b0   Data   RO          298    RESET               startup_stm32f030x6.o
    0x080000b0   0x080000b0   0x00000008   Code   RO         3665  * !!!main             c_p.l(__main.o)
    0x080000b8   0x080000b8   0x0000003c   Code   RO         3838    !!!scatter          c_p.l(__scatter.o)
    0x080000f4   0x080000f4   0x0000001a   Code   RO         3840    !!handler_copy      c_p.l(__scatter_copy.o)
    0x0800010e   0x0800010e   0x00000002   PAD
    0x08000110   0x08000110   0x0000001c   Code   RO         3842    !!handler_zi        c_p.l(__scatter_zi.o)
    0x0800012c   0x0800012c   0x00000002   Code   RO         3707    .ARM.Collect$$libinit$$00000000  c_p.l(libinit.o)
    0x0800012e   0x0800012e   0x00000000   Code   RO         3721    .ARM.Collect$$libinit$$00000002  c_p.l(libinit2.o)
    0x0800012e   0x0800012e   0x00000000   Code   RO         3723    .ARM.Collect$$libinit$$00000004  c_p.l(libinit2.o)
    0x0800012e   0x0800012e   0x00000000   Code   RO         3726    .ARM.Collect$$libinit$$0000000A  c_p.l(libinit2.o)
    0x0800012e   0x0800012e   0x00000000   Code   RO         3728    .ARM.Collect$$libinit$$0000000C  c_p.l(libinit2.o)
    0x0800012e   0x0800012e   0x00000000   Code   RO         3730    .ARM.Collect$$libinit$$0000000E  c_p.l(libinit2.o)
    0x0800012e   0x0800012e   0x00000000   Code   RO         3733    .ARM.Collect$$libinit$$00000011  c_p.l(libinit2.o)
    0x0800012e   0x0800012e   0x00000000   Code   RO         3735    .ARM.Collect$$libinit$$00000013  c_p.l(libinit2.o)
    0x0800012e   0x0800012e   0x00000000   Code   RO         3737    .ARM.Collect$$libinit$$00000015  c_p.l(libinit2.o)
    0x0800012e   0x0800012e   0x00000000   Code   RO         3739    .ARM.Collect$$libinit$$00000017  c_p.l(libinit2.o)
    0x0800012e   0x0800012e   0x00000000   Code   RO         3741    .ARM.Collect$$libinit$$00000019  c_p.l(libinit2.o)
    0x0800012e   0x0800012e   0x00000000   Code   RO         3743    .ARM.Collect$$libinit$$0000001B  c_p.l(libinit2.o)
    0x0800012e   0x0800012e   0x00000000   Code   RO         3745    .ARM.Collect$$libinit$$0000001D  c_p.l(libinit2.o)
    0x0800012e   0x0800012e   0x00000000   Code   RO         3747    .ARM.Collect$$libinit$$0000001F  c_p.l(libinit2.o)
    0x0800012e   0x0800012e   0x00000000   Code   RO         3749    .ARM.Collect$$libinit$$00000021  c_p.l(libinit2.o)
    0x0800012e   0x0800012e   0x00000000   Code   RO         3751    .ARM.Collect$$libinit$$00000023  c_p.l(libinit2.o)
    0x0800012e   0x0800012e   0x00000000   Code   RO         3753    .ARM.Collect$$libinit$$00000025  c_p.l(libinit2.o)
    0x0800012e   0x0800012e   0x00000000   Code   RO         3757    .ARM.Collect$$libinit$$0000002C  c_p.l(libinit2.o)
    0x0800012e   0x0800012e   0x00000000   Code   RO         3759    .ARM.Collect$$libinit$$0000002E  c_p.l(libinit2.o)
    0x0800012e   0x0800012e   0x00000000   Code   RO         3761    .ARM.Collect$$libinit$$00000030  c_p.l(libinit2.o)
    0x0800012e   0x0800012e   0x00000000   Code   RO         3763    .ARM.Collect$$libinit$$00000032  c_p.l(libinit2.o)
    0x0800012e   0x0800012e   0x00000002   Code   RO         3764    .ARM.Collect$$libinit$$00000033  c_p.l(libinit2.o)
    0x08000130   0x08000130   0x00000002   Code   RO         3795    .ARM.Collect$$libshutdown$$00000000  c_p.l(libshutdown.o)
    0x08000132   0x08000132   0x00000000   Code   RO         3821    .ARM.Collect$$libshutdown$$00000002  c_p.l(libshutdown2.o)
    0x08000132   0x08000132   0x00000000   Code   RO         3823    .ARM.Collect$$libshutdown$$00000004  c_p.l(libshutdown2.o)
    0x08000132   0x08000132   0x00000000   Code   RO         3826    .ARM.Collect$$libshutdown$$00000007  c_p.l(libshutdown2.o)
    0x08000132   0x08000132   0x00000000   Code   RO         3829    .ARM.Collect$$libshutdown$$0000000A  c_p.l(libshutdown2.o)
    0x08000132   0x08000132   0x00000000   Code   RO         3831    .ARM.Collect$$libshutdown$$0000000C  c_p.l(libshutdown2.o)
    0x08000132   0x08000132   0x00000000   Code   RO         3834    .ARM.Collect$$libshutdown$$0000000F  c_p.l(libshutdown2.o)
    0x08000132   0x08000132   0x00000002   Code   RO         3835    .ARM.Collect$$libshutdown$$00000010  c_p.l(libshutdown2.o)
    0x08000134   0x08000134   0x00000000   Code   RO         3667    .ARM.Collect$$rtentry$$00000000  c_p.l(__rtentry.o)
    0x08000134   0x08000134   0x00000000   Code   RO         3677    .ARM.Collect$$rtentry$$00000002  c_p.l(__rtentry2.o)
    0x08000134   0x08000134   0x00000006   Code   RO         3689    .ARM.Collect$$rtentry$$00000004  c_p.l(__rtentry4.o)
    0x0800013a   0x0800013a   0x00000000   Code   RO         3679    .ARM.Collect$$rtentry$$00000009  c_p.l(__rtentry2.o)
    0x0800013a   0x0800013a   0x00000004   Code   RO         3680    .ARM.Collect$$rtentry$$0000000A  c_p.l(__rtentry2.o)
    0x0800013e   0x0800013e   0x00000000   Code   RO         3682    .ARM.Collect$$rtentry$$0000000C  c_p.l(__rtentry2.o)
    0x0800013e   0x0800013e   0x00000008   Code   RO         3683    .ARM.Collect$$rtentry$$0000000D  c_p.l(__rtentry2.o)
    0x08000146   0x08000146   0x00000002   Code   RO         3712    .ARM.Collect$$rtexit$$00000000  c_p.l(rtexit.o)
    0x08000148   0x08000148   0x00000000   Code   RO         3768    .ARM.Collect$$rtexit$$00000002  c_p.l(rtexit2.o)
    0x08000148   0x08000148   0x00000004   Code   RO         3769    .ARM.Collect$$rtexit$$00000003  c_p.l(rtexit2.o)
    0x0800014c   0x0800014c   0x00000006   Code   RO         3770    .ARM.Collect$$rtexit$$00000004  c_p.l(rtexit2.o)
    0x08000152   0x08000152   0x00000002   PAD
    0x08000154   0x08000154   0x00000038   Code   RO          299  * .text               startup_stm32f030x6.o
    0x0800018c   0x0800018c   0x00000102   Code   RO         3655    .text               c_p.l(lludiv.o)
    0x0800028e   0x0800028e   0x00000040   Code   RO         3657    .text               c_p.l(rt_memclr.o)
    0x080002ce   0x080002ce   0x0000015a   Code   RO         3659    .text               c_p.l(aeabi_sdiv.o)
    0x08000428   0x08000428   0x00000006   Code   RO         3663    .text               c_p.l(heapauxi.o)
    0x0800042e   0x0800042e   0x0000003e   Code   RO         3693    .text               c_p.l(sys_stackheap_outer.o)
    0x0800046c   0x0800046c   0x00000010   Code   RO         3696    .text               c_p.l(exit.o)
    0x0800047c   0x0800047c   0x00000008   Code   RO         3708    .text               c_p.l(libspace.o)
    0x08000484   0x08000484   0x0000000c   Code   RO         3765    .text               c_p.l(sys_exit.o)
    0x08000490   0x08000490   0x00000002   Code   RO         3784    .text               c_p.l(use_no_semi.o)
    0x08000492   0x08000492   0x00000000   Code   RO         3786    .text               c_p.l(indicate_semi.o)
    0x08000492   0x08000492   0x00000006   Code   RO          189    i.Error_Handler     main.o
    0x08000498   0x08000498   0x0000002c   Code   RO          405    i.HAL_Delay         stm32f0xx_hal.o
    0x080004c4   0x080004c4   0x000001e8   Code   RO         1148    i.HAL_GPIO_Init     stm32f0xx_hal_gpio.o
    0x080006ac   0x080006ac   0x00000012   Code   RO         1150    i.HAL_GPIO_ReadPin  stm32f0xx_hal_gpio.o
    0x080006be   0x080006be   0x0000000c   Code   RO         1152    i.HAL_GPIO_WritePin  stm32f0xx_hal_gpio.o
    0x080006ca   0x080006ca   0x00000002   PAD
    0x080006cc   0x080006cc   0x0000000c   Code   RO          409    i.HAL_GetTick       stm32f0xx_hal.o
    0x080006d8   0x080006d8   0x00000018   Code   RO          415    i.HAL_IncTick       stm32f0xx_hal.o
    0x080006f0   0x080006f0   0x00000020   Code   RO          416    i.HAL_Init          stm32f0xx_hal.o
    0x08000710   0x08000710   0x00000054   Code   RO          417    i.HAL_InitTick      stm32f0xx_hal.o
    0x08000764   0x08000764   0x00000040   Code   RO          307    i.HAL_MspInit       stm32f0xx_hal_msp.o
    0x080007a4   0x080007a4   0x00000024   Code   RO          630    i.HAL_NVIC_EnableIRQ  stm32f0xx_hal_cortex.o
    0x080007c8   0x080007c8   0x00000012   Code   RO          634    i.HAL_NVIC_SetPriority  stm32f0xx_hal_cortex.o
    0x080007da   0x080007da   0x00000002   PAD
    0x080007dc   0x080007dc   0x00000150   Code   RO         1964    i.HAL_RCCEx_PeriphCLKConfig  stm32f0xx_hal_rcc_ex.o
    0x0800092c   0x0800092c   0x0000016c   Code   RO         1869    i.HAL_RCC_ClockConfig  stm32f0xx_hal_rcc.o
    0x08000a98   0x08000a98   0x000000d0   Code   RO         1877    i.HAL_RCC_GetSysClockFreq  stm32f0xx_hal_rcc.o
    0x08000b68   0x08000b68   0x0000058c   Code   RO         1880    i.HAL_RCC_OscConfig  stm32f0xx_hal_rcc.o
    0x080010f4   0x080010f4   0x00000038   Code   RO          638    i.HAL_SYSTICK_Config  stm32f0xx_hal_cortex.o
    0x0800112c   0x0800112c   0x00000002   Code   RO         2770    i.HAL_TIMEx_BreakCallback  stm32f0xx_hal_tim_ex.o
    0x0800112e   0x0800112e   0x00000002   Code   RO         2771    i.HAL_TIMEx_CommutCallback  stm32f0xx_hal_tim_ex.o
    0x08001130   0x08001130   0x00000038   Code   RO         2076    i.HAL_TIM_Base_Init  stm32f0xx_hal_tim.o
    0x08001168   0x08001168   0x00000044   Code   RO          309    i.HAL_TIM_Base_MspInit  stm32f0xx_hal_msp.o
    0x080011ac   0x080011ac   0x00000002   Code   RO         2107    i.HAL_TIM_IC_CaptureCallback  stm32f0xx_hal_tim.o
    0x080011ae   0x080011ae   0x000001c8   Code   RO         2121    i.HAL_TIM_IRQHandler  stm32f0xx_hal_tim.o
    0x08001376   0x08001376   0x00000002   PAD
    0x08001378   0x08001378   0x0000005c   Code   RO          310    i.HAL_TIM_MspPostInit  stm32f0xx_hal_msp.o
    0x080013d4   0x080013d4   0x00000002   Code   RO         2124    i.HAL_TIM_OC_DelayElapsedCallback  stm32f0xx_hal_tim.o
    0x080013d6   0x080013d6   0x00000112   Code   RO         2145    i.HAL_TIM_PWM_ConfigChannel  stm32f0xx_hal_tim.o
    0x080014e8   0x080014e8   0x00000038   Code   RO         2148    i.HAL_TIM_PWM_Init  stm32f0xx_hal_tim.o
    0x08001520   0x08001520   0x00000002   Code   RO         2150    i.HAL_TIM_PWM_MspInit  stm32f0xx_hal_tim.o
    0x08001522   0x08001522   0x00000002   Code   RO         2151    i.HAL_TIM_PWM_PulseFinishedCallback  stm32f0xx_hal_tim.o
    0x08001524   0x08001524   0x00000068   Code   RO         2153    i.HAL_TIM_PWM_Start  stm32f0xx_hal_tim.o
    0x0800158c   0x0800158c   0x000000b8   Code   RO         2155    i.HAL_TIM_PWM_Start_IT  stm32f0xx_hal_tim.o
    0x08001644   0x08001644   0x00000002   Code   RO         2159    i.HAL_TIM_PeriodElapsedCallback  stm32f0xx_hal_tim.o
    0x08001646   0x08001646   0x00000002   Code   RO         2164    i.HAL_TIM_TriggerCallback  stm32f0xx_hal_tim.o
    0x08001648   0x08001648   0x00000004   Code   RO          244    i.HardFault_Handler  stm32f0xx_it.o
    0x0800164c   0x0800164c   0x000000b8   Code   RO          190    i.MX_GPIO_Init      main.o
    0x08001704   0x08001704   0x00000078   Code   RO          191    i.MX_TIM14_Init     main.o
    0x0800177c   0x0800177c   0x00000004   Code   RO          245    i.NMI_Handler       stm32f0xx_it.o
    0x08001780   0x08001780   0x00000002   Code   RO          246    i.PendSV_Handler    stm32f0xx_it.o
    0x08001782   0x08001782   0x00000002   Code   RO          247    i.SVC_Handler       stm32f0xx_it.o
    0x08001784   0x08001784   0x00000038   Code   RO          248    i.SysTick_Handler   stm32f0xx_it.o
    0x080017bc   0x080017bc   0x00000074   Code   RO          192    i.SystemClock_Config  main.o
    0x08001830   0x08001830   0x00000002   Code   RO          368    i.SystemInit        system_stm32f0xx.o
    0x08001832   0x08001832   0x00000002   PAD
    0x08001834   0x08001834   0x00000010   Code   RO          249    i.TIM14_IRQHandler  stm32f0xx_it.o
    0x08001844   0x08001844   0x00000090   Code   RO         2166    i.TIM_Base_SetConfig  stm32f0xx_hal_tim.o
    0x080018d4   0x080018d4   0x00000022   Code   RO         2167    i.TIM_CCxChannelCmd  stm32f0xx_hal_tim.o
    0x080018f6   0x080018f6   0x00000002   PAD
    0x080018f8   0x080018f8   0x0000009c   Code   RO         2179    i.TIM_OC1_SetConfig  stm32f0xx_hal_tim.o
    0x08001994   0x08001994   0x000000b0   Code   RO         2180    i.TIM_OC2_SetConfig  stm32f0xx_hal_tim.o
    0x08001a44   0x08001a44   0x000000ac   Code   RO         2181    i.TIM_OC3_SetConfig  stm32f0xx_hal_tim.o
    0x08001af0   0x08001af0   0x00000078   Code   RO         2182    i.TIM_OC4_SetConfig  stm32f0xx_hal_tim.o
    0x08001b68   0x08001b68   0x00000030   Code   RO         1955    i.__ARM_common_ll_muluu  stm32f0xx_hal_rcc.o
    0x08001b98   0x08001b98   0x00000078   Code   RO          640    i.__NVIC_SetPriority  stm32f0xx_hal_cortex.o
    0x08001c10   0x08001c10   0x00000068   Code   RO          151    i.choose_anode      display.o
    0x08001c78   0x08001c78   0x00000010   Code   RO            3    i.is_button_down    debounce.o
    0x08001c88   0x08001c88   0x00000012   Code   RO            6    i.is_button_up      debounce.o
    0x08001c9a   0x08001c9a   0x00000002   PAD
    0x08001c9c   0x08001c9c   0x00000190   Code   RO          193    i.main              main.o
    0x08001e2c   0x08001e2c   0x00000010   Code   RO            7    i.read_button       debounce.o
    0x08001e3c   0x08001e3c   0x0000001c   Code   RO          194    i.set_digits        main.o
    0x08001e58   0x08001e58   0x0000001e   Code   RO            8    i.update_button     debounce.o
    0x08001e76   0x08001e76   0x00000046   Code   RO          152    i.write_digit       display.o
    0x08001ebc   0x08001ebc   0x00000040   Code   RO          153    i.write_display     display.o
    0x08001efc   0x08001efc   0x00000018   Data   RO          369    .constdata          system_stm32f0xx.o
    0x08001f14   0x08001f14   0x00000020   Data   RO         3836    Region$$Table       anon$$obj.o


    Execution Region ER_RW (Exec base: 0x20000000, Load base: 0x08001f34, Size: 0x00000060, Max: 0xffffffff, ABSOLUTE)

    Exec Addr    Load Addr    Size         Type   Attr      Idx    E Section Name        Object

    0x20000000   0x08001f34   0x0000004e   Data   RW          196    .data               main.o
    0x2000004e   0x08001f82   0x00000002   PAD
    0x20000050   0x08001f84   0x00000004   Data   RW          370    .data               system_stm32f0xx.o
    0x20000054   0x08001f88   0x00000009   Data   RW          423    .data               stm32f0xx_hal.o


    Execution Region ER_ZI (Exec base: 0x20000060, Load base: 0x08001f94, Size: 0x000006a0, Max: 0xffffffff, ABSOLUTE)

    Exec Addr    Load Addr    Size         Type   Attr      Idx    E Section Name        Object

    0x20000060        -       0x00000040   Zero   RW          195    .bss                main.o
    0x200000a0        -       0x00000060   Zero   RW         3709    .bss                c_p.l(libspace.o)
    0x20000100        -       0x00000200   Zero   RW          297    HEAP                startup_stm32f030x6.o
    0x20000300        -       0x00000400   Zero   RW          296    STACK               startup_stm32f030x6.o


==============================================================================

Image component sizes


      Code (inc. data)   RO Data    RW Data    ZI Data      Debug   Object Name

        80          0          0          0          0     274030   debounce.o
       238          4          0          0          0       1521   display.o
       854         54          0         78         64       5319   main.o
        56         26        176          0       1536        784   startup_stm32f030x6.o
       196         38          0          9          0       8533   stm32f0xx_hal.o
       230         26          0          0          0      10797   stm32f0xx_hal_cortex.o
       518         24          0          0          0       3311   stm32f0xx_hal_gpio.o
       224         22          0          0          0       2627   stm32f0xx_hal_msp.o
      2040         86          0          0          0       4552   stm32f0xx_hal_rcc.o
       336         14          0          0          0       1720   stm32f0xx_hal_rcc_ex.o
      1944        102          0          0          0      13859   stm32f0xx_hal_tim.o
         4          0          0          0          0       1913   stm32f0xx_hal_tim_ex.o
        84         18          0          0          0       2906   stm32f0xx_it.o
         2          0         24          4          0       1619   system_stm32f0xx.o

    ----------------------------------------------------------------------
      6818        414        232         96       1600     333491   Object Totals
         0          0         32          0          0          0   (incl. Generated)
        12          0          0          5          0          0   (incl. Padding)

    ----------------------------------------------------------------------

      Code (inc. data)   RO Data    RW Data    ZI Data      Debug   Library Member Name

         8          0          0          0          0         68   __main.o
         0          0          0          0          0          0   __rtentry.o
        12          0          0          0          0          0   __rtentry2.o
         6          0          0          0          0          0   __rtentry4.o
        60          8          0          0          0          0   __scatter.o
        26          0          0          0          0          0   __scatter_copy.o
        28          0          0          0          0          0   __scatter_zi.o
       346          0          0          0          0         92   aeabi_sdiv.o
        16          0          0          0          0         68   exit.o
         6          0          0          0          0        136   heapauxi.o
         0          0          0          0          0          0   indicate_semi.o
         2          0          0          0          0          0   libinit.o
         2          0          0          0          0          0   libinit2.o
         2          0          0          0          0          0   libshutdown.o
         2          0          0          0          0          0   libshutdown2.o
         8          4          0          0         96         68   libspace.o
       258          0          0          0          0         88   lludiv.o
        64          0          0          0          0        108   rt_memclr.o
         2          0          0          0          0          0   rtexit.o
        10          0          0          0          0          0   rtexit2.o
        12          4          0          0          0         60   sys_exit.o
        62          0          0          0          0         80   sys_stackheap_outer.o
         2          0          0          0          0         68   use_no_semi.o

    ----------------------------------------------------------------------
       938         16          0          0         96        836   Library Totals
         4          0          0          0          0          0   (incl. Padding)

    ----------------------------------------------------------------------

      Code (inc. data)   RO Data    RW Data    ZI Data      Debug   Library Name

       934         16          0          0         96        836   c_p.l

    ----------------------------------------------------------------------
       938         16          0          0         96        836   Library Totals

    ----------------------------------------------------------------------

==============================================================================


      Code (inc. data)   RO Data    RW Data    ZI Data      Debug   

      7756        430        232         96       1696     331631   Grand Totals
      7756        430        232         96       1696     331631   ELF Image Totals
      7756        430        232         96          0          0   ROM Totals

==============================================================================

    Total RO  Size (Code + RO Data)                 7988 (   7.80kB)
    Total RW  Size (RW Data + ZI Data)              1792 (   1.75kB)
    Total ROM Size (Code + RO Data + RW Data)       8084 (   7.89kB)

==============================================================================

